<!doctype html public "-//w3c//dtd html 4.0 transitional//en">
<html><head>
<title>Static Call Graph - [STM32F746-Discovery\EmbeddedWizard-STM32F746-Discovery.axf]</title></head>
<body><HR>
<H1>Static Call Graph for image STM32F746-Discovery\EmbeddedWizard-STM32F746-Discovery.axf</H1><HR>
<BR><P>#&#060CALLGRAPH&#062# ARM Linker, 6140002: Last Updated: Thu Dec 31 20:54:26 2020
<BR><P>
<H3>Maximum Stack Usage =       2044 bytes + Unknown(Cycles, Untraceable Function Pointers)</H3><H3>
Call chain for Maximum Stack Depth:</H3>
GuiThread &rArr; EwProcess &rArr; EwEndUpdate &rArr; EwCopyBitmap &rArr; MapBitmapFrame &rArr; EwCreateSurface &rArr; FlushAndClean &rArr; ProcessIssues &rArr; EwExecuteTasks &rArr; WarpSurface2 &rArr; EwLockSurface &rArr;  ProcessIssues (Cycle)
<P>
<H3>
Mutually Recursive functions
</H3> <LI><a href="#[1c]">ADC_IRQHandler</a>&nbsp;&nbsp;&nbsp;&rArr;&nbsp;&nbsp;&nbsp;<a href="#[1c]">ADC_IRQHandler</a><BR>
 <LI><a href="#[218]">EwLockSurface</a>&nbsp;&nbsp;&nbsp;&rArr;&nbsp;&nbsp;&nbsp;<a href="#[282]">ProcessIssues</a><BR>
 <LI><a href="#[278]">EwFlushTasks</a>&nbsp;&nbsp;&nbsp;&rArr;&nbsp;&nbsp;&nbsp;<a href="#[282]">ProcessIssues</a><BR>
 <LI><a href="#[2a0]">GetGlyph</a>&nbsp;&nbsp;&nbsp;&rArr;&nbsp;&nbsp;&nbsp;<a href="#[2a0]">GetGlyph</a><BR>
</UL>
<P>
<H3>
Function Pointers
</H3><UL>
 <LI><a href="#[1c]">ADC_IRQHandler</a> from startup_stm32f746xx.o(.text) referenced from startup_stm32f746xx.o(RESET)
 <LI><a href="#[114]">ApplicationApplication__Done</a> from application.o(.text.ApplicationApplication__Done) referenced from application.o(.rodata.__vmt_ApplicationApplication)
 <LI><a href="#[112]">ApplicationApplication__Init</a> from application.o(.text.ApplicationApplication__Init) referenced from application.o(.rodata.__vmt_ApplicationApplication)
 <LI><a href="#[113]">ApplicationApplication__ReInit</a> from application.o(.text.ApplicationApplication__ReInit) referenced from application.o(.rodata.__vmt_ApplicationApplication)
 <LI><a href="#[6e]">ApplicationApplication_onEvent</a> from application.o(.text.ApplicationApplication_onEvent) referenced 2 times from application.o(.text.ApplicationApplication__Init)
 <LI><a href="#[6f]">ApplicationDeviceClass_OnGetADCValue</a> from application.o(.text.ApplicationDeviceClass_OnGetADCValue) referenced 2 times from application.o(.text.ApplicationApplication__Init)
 <LI><a href="#[6f]">ApplicationDeviceClass_OnGetADCValue</a> from application.o(.text.ApplicationDeviceClass_OnGetADCValue) referenced 2 times from application.o(.text.ApplicationDeviceClass__UpdateADCValue)
 <LI><a href="#[70]">ApplicationDeviceClass_OnSetADCValue</a> from application.o(.text.ApplicationDeviceClass_OnSetADCValue) referenced 2 times from application.o(.text.ApplicationApplication__Init)
 <LI><a href="#[70]">ApplicationDeviceClass_OnSetADCValue</a> from application.o(.text.ApplicationDeviceClass_OnSetADCValue) referenced 2 times from application.o(.text.ApplicationDeviceClass__UpdateADCValue)
 <LI><a href="#[124]">ApplicationDeviceClass__Done</a> from application.o(.text.ApplicationDeviceClass__Done) referenced from application.o(.rodata.__vmt_ApplicationDeviceClass)
 <LI><a href="#[122]">ApplicationDeviceClass__Init</a> from application.o(.text.ApplicationDeviceClass__Init) referenced from application.o(.rodata.__vmt_ApplicationDeviceClass)
 <LI><a href="#[123]">ApplicationDeviceClass__ReInit</a> from application.o(.text.ApplicationDeviceClass__ReInit) referenced from application.o(.rodata.__vmt_ApplicationDeviceClass)
 <LI><a href="#[10f]">ApplicationDevice__Init</a> from application.o(.text.ApplicationDevice__Init) referenced from application.o(.rodata._ApplicationDevice)
 <LI><a href="#[4]">BusFault_Handler</a> from stm32f7xx_it.o(.text.BusFault_Handler) referenced from startup_stm32f746xx.o(RESET)
 <LI><a href="#[1e]">CAN1_RX0_IRQHandler</a> from startup_stm32f746xx.o(.text) referenced from startup_stm32f746xx.o(RESET)
 <LI><a href="#[1f]">CAN1_RX1_IRQHandler</a> from startup_stm32f746xx.o(.text) referenced from startup_stm32f746xx.o(RESET)
 <LI><a href="#[20]">CAN1_SCE_IRQHandler</a> from startup_stm32f746xx.o(.text) referenced from startup_stm32f746xx.o(RESET)
 <LI><a href="#[1d]">CAN1_TX_IRQHandler</a> from startup_stm32f746xx.o(.text) referenced from startup_stm32f746xx.o(RESET)
 <LI><a href="#[4a]">CAN2_RX0_IRQHandler</a> from startup_stm32f746xx.o(.text) referenced from startup_stm32f746xx.o(RESET)
 <LI><a href="#[4b]">CAN2_RX1_IRQHandler</a> from startup_stm32f746xx.o(.text) referenced from startup_stm32f746xx.o(RESET)
 <LI><a href="#[4c]">CAN2_SCE_IRQHandler</a> from startup_stm32f746xx.o(.text) referenced from startup_stm32f746xx.o(RESET)
 <LI><a href="#[49]">CAN2_TX_IRQHandler</a> from startup_stm32f746xx.o(.text) referenced from startup_stm32f746xx.o(RESET)
 <LI><a href="#[67]">CEC_IRQHandler</a> from startup_stm32f746xx.o(.text) referenced from startup_stm32f746xx.o(RESET)
 <LI><a href="#[127]">CoreCursorEvent__Done</a> from core.o(.text.CoreCursorEvent__Done) referenced from core.o(.rodata.__vmt_CoreCursorEvent)
 <LI><a href="#[125]">CoreCursorEvent__Init</a> from core.o(.text.CoreCursorEvent__Init) referenced from core.o(.rodata.__vmt_CoreCursorEvent)
 <LI><a href="#[126]">CoreCursorEvent__ReInit</a> from core.o(.text.CoreCursorEvent__ReInit) referenced from core.o(.rodata.__vmt_CoreCursorEvent)
 <LI><a href="#[12a]">CoreCursorGrabEvent__Done</a> from core.o(.text.CoreCursorGrabEvent__Done) referenced from core.o(.rodata.__vmt_CoreCursorGrabEvent)
 <LI><a href="#[128]">CoreCursorGrabEvent__Init</a> from core.o(.text.CoreCursorGrabEvent__Init) referenced from core.o(.rodata.__vmt_CoreCursorGrabEvent)
 <LI><a href="#[129]">CoreCursorGrabEvent__ReInit</a> from core.o(.text.CoreCursorGrabEvent__ReInit) referenced from core.o(.rodata.__vmt_CoreCursorGrabEvent)
 <LI><a href="#[12d]">CoreDragEvent__Done</a> from core.o(.text.CoreDragEvent__Done) referenced from core.o(.rodata.__vmt_CoreDragEvent)
 <LI><a href="#[12b]">CoreDragEvent__Init</a> from core.o(.text.CoreDragEvent__Init) referenced from core.o(.rodata.__vmt_CoreDragEvent)
 <LI><a href="#[12c]">CoreDragEvent__ReInit</a> from core.o(.text.CoreDragEvent__ReInit) referenced from core.o(.rodata.__vmt_CoreDragEvent)
 <LI><a href="#[130]">CoreEvent__Done</a> from core.o(.text.CoreEvent__Done) referenced from core.o(.rodata.__vmt_CoreEvent)
 <LI><a href="#[12e]">CoreEvent__Init</a> from core.o(.text.CoreEvent__Init) referenced from core.o(.rodata.__vmt_CoreEvent)
 <LI><a href="#[12f]">CoreEvent__ReInit</a> from core.o(.text.CoreEvent__ReInit) referenced from core.o(.rodata.__vmt_CoreEvent)
 <LI><a href="#[138]">CoreGroup_BroadcastEvent</a> from core.o(.text.CoreGroup_BroadcastEvent) referenced from core.o(.rodata.__vmt_CoreGroup)
 <LI><a href="#[138]">CoreGroup_BroadcastEvent</a> from core.o(.text.CoreGroup_BroadcastEvent) referenced from widgetset.o(.rodata.__vmt_WidgetSetValueDisplay)
 <LI><a href="#[135]">CoreGroup_ChangeViewState</a> from core.o(.text.CoreGroup_ChangeViewState) referenced from core.o(.rodata.__vmt_CoreGroup)
 <LI><a href="#[135]">CoreGroup_ChangeViewState</a> from core.o(.text.CoreGroup_ChangeViewState) referenced from widgetset.o(.rodata.__vmt_WidgetSetValueDisplay)
 <LI><a href="#[117]">CoreGroup_CursorHitTest</a> from core.o(.text.CoreGroup_CursorHitTest) referenced from application.o(.rodata.__vmt_ApplicationApplication)
 <LI><a href="#[117]">CoreGroup_CursorHitTest</a> from core.o(.text.CoreGroup_CursorHitTest) referenced from core.o(.rodata.__vmt_CoreGroup)
 <LI><a href="#[117]">CoreGroup_CursorHitTest</a> from core.o(.text.CoreGroup_CursorHitTest) referenced from core.o(.rodata.__vmt_CoreRoot)
 <LI><a href="#[117]">CoreGroup_CursorHitTest</a> from core.o(.text.CoreGroup_CursorHitTest) referenced from widgetset.o(.rodata.__vmt_WidgetSetValueDisplay)
 <LI><a href="#[137]">CoreGroup_DispatchEvent</a> from core.o(.text.CoreGroup_DispatchEvent) referenced from core.o(.rodata.__vmt_CoreGroup)
 <LI><a href="#[137]">CoreGroup_DispatchEvent</a> from core.o(.text.CoreGroup_DispatchEvent) referenced from widgetset.o(.rodata.__vmt_WidgetSetValueDisplay)
 <LI><a href="#[134]">CoreGroup_Draw</a> from core.o(.text.CoreGroup_Draw) referenced from core.o(.rodata.__vmt_CoreGroup)
 <LI><a href="#[134]">CoreGroup_Draw</a> from core.o(.text.CoreGroup_Draw) referenced from widgetset.o(.rodata.__vmt_WidgetSetValueDisplay)
 <LI><a href="#[139]">CoreGroup_InvalidateArea</a> from core.o(.text.CoreGroup_InvalidateArea) referenced from core.o(.rodata.__vmt_CoreGroup)
 <LI><a href="#[139]">CoreGroup_InvalidateArea</a> from core.o(.text.CoreGroup_InvalidateArea) referenced from widgetset.o(.rodata.__vmt_WidgetSetValueDisplay)
 <LI><a href="#[11c]">CoreGroup_OnSetBounds</a> from core.o(.text.CoreGroup_OnSetBounds) referenced from application.o(.rodata.__vmt_ApplicationApplication)
 <LI><a href="#[11c]">CoreGroup_OnSetBounds</a> from core.o(.text.CoreGroup_OnSetBounds) referenced from core.o(.rodata.__vmt_CoreGroup)
 <LI><a href="#[11c]">CoreGroup_OnSetBounds</a> from core.o(.text.CoreGroup_OnSetBounds) referenced from core.o(.rodata.__vmt_CoreRoot)
 <LI><a href="#[136]">CoreGroup_OnSetFocus</a> from core.o(.text.CoreGroup_OnSetFocus) referenced from core.o(.rodata.__vmt_CoreGroup)
 <LI><a href="#[136]">CoreGroup_OnSetFocus</a> from core.o(.text.CoreGroup_OnSetFocus) referenced from widgetset.o(.rodata.__vmt_WidgetSetValueDisplay)
 <LI><a href="#[120]">CoreGroup_UpdateViewState</a> from core.o(.text.CoreGroup_UpdateViewState) referenced from application.o(.rodata.__vmt_ApplicationApplication)
 <LI><a href="#[120]">CoreGroup_UpdateViewState</a> from core.o(.text.CoreGroup_UpdateViewState) referenced from core.o(.rodata.__vmt_CoreGroup)
 <LI><a href="#[120]">CoreGroup_UpdateViewState</a> from core.o(.text.CoreGroup_UpdateViewState) referenced from core.o(.rodata.__vmt_CoreRoot)
 <LI><a href="#[133]">CoreGroup__Done</a> from core.o(.text.CoreGroup__Done) referenced from core.o(.rodata.__vmt_CoreGroup)
 <LI><a href="#[131]">CoreGroup__Init</a> from core.o(.text.CoreGroup__Init) referenced from core.o(.rodata.__vmt_CoreGroup)
 <LI><a href="#[132]">CoreGroup__ReInit</a> from core.o(.text.CoreGroup__ReInit) referenced from core.o(.rodata.__vmt_CoreGroup)
 <LI><a href="#[71]">CoreGroup_updateComponent</a> from core.o(.text.CoreGroup_updateComponent) referenced 4 times from core.o(.text.CoreGroup_Add)
 <LI><a href="#[71]">CoreGroup_updateComponent</a> from core.o(.text.CoreGroup_updateComponent) referenced 2 times from core.o(.text.CoreGroup_ChangeViewState)
 <LI><a href="#[71]">CoreGroup_updateComponent</a> from core.o(.text.CoreGroup_updateComponent) referenced 2 times from core.o(.text.CoreGroup_InvalidateViewState)
 <LI><a href="#[71]">CoreGroup_updateComponent</a> from core.o(.text.CoreGroup_updateComponent) referenced 2 times from core.o(.text.CoreGroup_OnSetBounds)
 <LI><a href="#[71]">CoreGroup_updateComponent</a> from core.o(.text.CoreGroup_updateComponent) referenced 4 times from core.o(.text.CoreGroup_Remove)
 <LI><a href="#[71]">CoreGroup_updateComponent</a> from core.o(.text.CoreGroup_updateComponent) referenced 2 times from core.o(.text.CoreGroup__Init)
 <LI><a href="#[71]">CoreGroup_updateComponent</a> from core.o(.text.CoreGroup_updateComponent) referenced 2 times from core.o(.text.CoreOutline_OnSetBounds)
 <LI><a href="#[71]">CoreGroup_updateComponent</a> from core.o(.text.CoreGroup_updateComponent) referenced 2 times from core.o(.text.CoreRectView_OnSetBounds)
 <LI><a href="#[71]">CoreGroup_updateComponent</a> from core.o(.text.CoreGroup_updateComponent) referenced 2 times from core.o(.text.CoreRoot__Init)
 <LI><a href="#[71]">CoreGroup_updateComponent</a> from core.o(.text.CoreGroup_updateComponent) referenced 4 times from core.o(.text.CoreView_ChangeViewState)
 <LI><a href="#[13c]">CoreKeyEvent__Done</a> from core.o(.text.CoreKeyEvent__Done) referenced from core.o(.rodata.__vmt_CoreKeyEvent)
 <LI><a href="#[13a]">CoreKeyEvent__Init</a> from core.o(.text.CoreKeyEvent__Init) referenced from core.o(.rodata.__vmt_CoreKeyEvent)
 <LI><a href="#[13b]">CoreKeyEvent__ReInit</a> from core.o(.text.CoreKeyEvent__ReInit) referenced from core.o(.rodata.__vmt_CoreKeyEvent)
 <LI><a href="#[13f]">CoreLayoutContext__Done</a> from core.o(.text.CoreLayoutContext__Done) referenced from core.o(.rodata.__vmt_CoreLayoutContext)
 <LI><a href="#[13d]">CoreLayoutContext__Init</a> from core.o(.text.CoreLayoutContext__Init) referenced from core.o(.rodata.__vmt_CoreLayoutContext)
 <LI><a href="#[13e]">CoreLayoutContext__ReInit</a> from core.o(.text.CoreLayoutContext__ReInit) referenced from core.o(.rodata.__vmt_CoreLayoutContext)
 <LI><a href="#[143]">CoreOutline_Draw</a> from core.o(.text.CoreOutline_Draw) referenced from core.o(.rodata.__vmt_CoreOutline)
 <LI><a href="#[146]">CoreOutline_OnSetBounds</a> from core.o(.text.CoreOutline_OnSetBounds) referenced from core.o(.rodata.__vmt_CoreOutline)
 <LI><a href="#[142]">CoreOutline__Done</a> from core.o(.text.CoreOutline__Done) referenced from core.o(.rodata.__vmt_CoreOutline)
 <LI><a href="#[140]">CoreOutline__Init</a> from core.o(.text.CoreOutline__Init) referenced from core.o(.rodata.__vmt_CoreOutline)
 <LI><a href="#[141]">CoreOutline__ReInit</a> from core.o(.text.CoreOutline__ReInit) referenced from core.o(.rodata.__vmt_CoreOutline)
 <LI><a href="#[149]">CorePropertyObserver__Done</a> from core.o(.text.CorePropertyObserver__Done) referenced from core.o(.rodata.__vmt_CorePropertyObserver)
 <LI><a href="#[147]">CorePropertyObserver__Init</a> from core.o(.text.CorePropertyObserver__Init) referenced from core.o(.rodata.__vmt_CorePropertyObserver)
 <LI><a href="#[148]">CorePropertyObserver__ReInit</a> from core.o(.text.CorePropertyObserver__ReInit) referenced from core.o(.rodata.__vmt_CorePropertyObserver)
 <LI><a href="#[72]">CorePropertyObserver_onEvent</a> from core.o(.text.CorePropertyObserver_onEvent) referenced 4 times from core.o(.text.CorePropertyObserver_OnSetOutlet)
 <LI><a href="#[118]">CoreRectView_ArrangeView</a> from core.o(.text.CoreRectView_ArrangeView) referenced from application.o(.rodata.__vmt_ApplicationApplication)
 <LI><a href="#[118]">CoreRectView_ArrangeView</a> from core.o(.text.CoreRectView_ArrangeView) referenced from core.o(.rodata.__vmt_CoreGroup)
 <LI><a href="#[118]">CoreRectView_ArrangeView</a> from core.o(.text.CoreRectView_ArrangeView) referenced from core.o(.rodata.__vmt_CoreOutline)
 <LI><a href="#[118]">CoreRectView_ArrangeView</a> from core.o(.text.CoreRectView_ArrangeView) referenced from core.o(.rodata.__vmt_CoreRectView)
 <LI><a href="#[118]">CoreRectView_ArrangeView</a> from core.o(.text.CoreRectView_ArrangeView) referenced from core.o(.rodata.__vmt_CoreRoot)
 <LI><a href="#[118]">CoreRectView_ArrangeView</a> from core.o(.text.CoreRectView_ArrangeView) referenced from views.o(.rodata.__vmt_ViewsRectangle)
 <LI><a href="#[118]">CoreRectView_ArrangeView</a> from core.o(.text.CoreRectView_ArrangeView) referenced from views.o(.rodata.__vmt_ViewsText)
 <LI><a href="#[118]">CoreRectView_ArrangeView</a> from core.o(.text.CoreRectView_ArrangeView) referenced from widgetset.o(.rodata.__vmt_WidgetSetValueDisplay)
 <LI><a href="#[11a]">CoreRectView_GetExtent</a> from core.o(.text.CoreRectView_GetExtent) referenced from application.o(.rodata.__vmt_ApplicationApplication)
 <LI><a href="#[11a]">CoreRectView_GetExtent</a> from core.o(.text.CoreRectView_GetExtent) referenced from core.o(.rodata.__vmt_CoreGroup)
 <LI><a href="#[11a]">CoreRectView_GetExtent</a> from core.o(.text.CoreRectView_GetExtent) referenced from core.o(.rodata.__vmt_CoreOutline)
 <LI><a href="#[11a]">CoreRectView_GetExtent</a> from core.o(.text.CoreRectView_GetExtent) referenced from core.o(.rodata.__vmt_CoreRectView)
 <LI><a href="#[11a]">CoreRectView_GetExtent</a> from core.o(.text.CoreRectView_GetExtent) referenced from core.o(.rodata.__vmt_CoreRoot)
 <LI><a href="#[11a]">CoreRectView_GetExtent</a> from core.o(.text.CoreRectView_GetExtent) referenced from views.o(.rodata.__vmt_ViewsRectangle)
 <LI><a href="#[11a]">CoreRectView_GetExtent</a> from core.o(.text.CoreRectView_GetExtent) referenced from views.o(.rodata.__vmt_ViewsText)
 <LI><a href="#[11a]">CoreRectView_GetExtent</a> from core.o(.text.CoreRectView_GetExtent) referenced from widgetset.o(.rodata.__vmt_WidgetSetValueDisplay)
 <LI><a href="#[119]">CoreRectView_MoveView</a> from core.o(.text.CoreRectView_MoveView) referenced from application.o(.rodata.__vmt_ApplicationApplication)
 <LI><a href="#[119]">CoreRectView_MoveView</a> from core.o(.text.CoreRectView_MoveView) referenced from core.o(.rodata.__vmt_CoreGroup)
 <LI><a href="#[119]">CoreRectView_MoveView</a> from core.o(.text.CoreRectView_MoveView) referenced from core.o(.rodata.__vmt_CoreOutline)
 <LI><a href="#[119]">CoreRectView_MoveView</a> from core.o(.text.CoreRectView_MoveView) referenced from core.o(.rodata.__vmt_CoreRectView)
 <LI><a href="#[119]">CoreRectView_MoveView</a> from core.o(.text.CoreRectView_MoveView) referenced from core.o(.rodata.__vmt_CoreRoot)
 <LI><a href="#[119]">CoreRectView_MoveView</a> from core.o(.text.CoreRectView_MoveView) referenced from views.o(.rodata.__vmt_ViewsRectangle)
 <LI><a href="#[119]">CoreRectView_MoveView</a> from core.o(.text.CoreRectView_MoveView) referenced from views.o(.rodata.__vmt_ViewsText)
 <LI><a href="#[119]">CoreRectView_MoveView</a> from core.o(.text.CoreRectView_MoveView) referenced from widgetset.o(.rodata.__vmt_WidgetSetValueDisplay)
 <LI><a href="#[14e]">CoreRectView_OnSetBounds</a> from core.o(.text.CoreRectView_OnSetBounds) referenced from core.o(.rodata.__vmt_CoreRectView)
 <LI><a href="#[14e]">CoreRectView_OnSetBounds</a> from core.o(.text.CoreRectView_OnSetBounds) referenced from views.o(.rodata.__vmt_ViewsRectangle)
 <LI><a href="#[14c]">CoreRectView__Done</a> from core.o(.text.CoreRectView__Done) referenced from core.o(.rodata.__vmt_CoreRectView)
 <LI><a href="#[14a]">CoreRectView__Init</a> from core.o(.text.CoreRectView__Init) referenced from core.o(.rodata.__vmt_CoreRectView)
 <LI><a href="#[14b]">CoreRectView__ReInit</a> from core.o(.text.CoreRectView__ReInit) referenced from core.o(.rodata.__vmt_CoreRectView)
 <LI><a href="#[115]">CoreRectView_initLayoutContext</a> from core.o(.text.CoreRectView_initLayoutContext) referenced from application.o(.rodata.__vmt_ApplicationApplication)
 <LI><a href="#[115]">CoreRectView_initLayoutContext</a> from core.o(.text.CoreRectView_initLayoutContext) referenced from core.o(.rodata.__vmt_CoreGroup)
 <LI><a href="#[115]">CoreRectView_initLayoutContext</a> from core.o(.text.CoreRectView_initLayoutContext) referenced from core.o(.rodata.__vmt_CoreOutline)
 <LI><a href="#[115]">CoreRectView_initLayoutContext</a> from core.o(.text.CoreRectView_initLayoutContext) referenced from core.o(.rodata.__vmt_CoreRectView)
 <LI><a href="#[115]">CoreRectView_initLayoutContext</a> from core.o(.text.CoreRectView_initLayoutContext) referenced from core.o(.rodata.__vmt_CoreRoot)
 <LI><a href="#[115]">CoreRectView_initLayoutContext</a> from core.o(.text.CoreRectView_initLayoutContext) referenced from views.o(.rodata.__vmt_ViewsRectangle)
 <LI><a href="#[115]">CoreRectView_initLayoutContext</a> from core.o(.text.CoreRectView_initLayoutContext) referenced from views.o(.rodata.__vmt_ViewsText)
 <LI><a href="#[115]">CoreRectView_initLayoutContext</a> from core.o(.text.CoreRectView_initLayoutContext) referenced from widgetset.o(.rodata.__vmt_WidgetSetValueDisplay)
 <LI><a href="#[151]">CoreResource__Done</a> from core.o(.text.CoreResource__Done) referenced from core.o(.rodata.__vmt_CoreResource)
 <LI><a href="#[14f]">CoreResource__Init</a> from core.o(.text.CoreResource__Init) referenced from core.o(.rodata.__vmt_CoreResource)
 <LI><a href="#[150]">CoreResource__ReInit</a> from core.o(.text.CoreResource__ReInit) referenced from core.o(.rodata.__vmt_CoreResource)
 <LI><a href="#[11f]">CoreRoot_BroadcastEvent</a> from core.o(.text.CoreRoot_BroadcastEvent) referenced from application.o(.rodata.__vmt_ApplicationApplication)
 <LI><a href="#[11f]">CoreRoot_BroadcastEvent</a> from core.o(.text.CoreRoot_BroadcastEvent) referenced from core.o(.rodata.__vmt_CoreRoot)
 <LI><a href="#[11b]">CoreRoot_ChangeViewState</a> from core.o(.text.CoreRoot_ChangeViewState) referenced from application.o(.rodata.__vmt_ApplicationApplication)
 <LI><a href="#[11b]">CoreRoot_ChangeViewState</a> from core.o(.text.CoreRoot_ChangeViewState) referenced from core.o(.rodata.__vmt_CoreRoot)
 <LI><a href="#[11e]">CoreRoot_DispatchEvent</a> from core.o(.text.CoreRoot_DispatchEvent) referenced from application.o(.rodata.__vmt_ApplicationApplication)
 <LI><a href="#[11e]">CoreRoot_DispatchEvent</a> from core.o(.text.CoreRoot_DispatchEvent) referenced from core.o(.rodata.__vmt_CoreRoot)
 <LI><a href="#[116]">CoreRoot_Draw</a> from core.o(.text.CoreRoot_Draw) referenced from application.o(.rodata.__vmt_ApplicationApplication)
 <LI><a href="#[116]">CoreRoot_Draw</a> from core.o(.text.CoreRoot_Draw) referenced from core.o(.rodata.__vmt_CoreRoot)
 <LI><a href="#[121]">CoreRoot_InvalidateArea</a> from core.o(.text.CoreRoot_InvalidateArea) referenced from application.o(.rodata.__vmt_ApplicationApplication)
 <LI><a href="#[121]">CoreRoot_InvalidateArea</a> from core.o(.text.CoreRoot_InvalidateArea) referenced from core.o(.rodata.__vmt_CoreRoot)
 <LI><a href="#[11d]">CoreRoot_OnSetFocus</a> from core.o(.text.CoreRoot_OnSetFocus) referenced from application.o(.rodata.__vmt_ApplicationApplication)
 <LI><a href="#[11d]">CoreRoot_OnSetFocus</a> from core.o(.text.CoreRoot_OnSetFocus) referenced from core.o(.rodata.__vmt_CoreRoot)
 <LI><a href="#[154]">CoreRoot__Done</a> from core.o(.text.CoreRoot__Done) referenced from core.o(.rodata.__vmt_CoreRoot)
 <LI><a href="#[152]">CoreRoot__Init</a> from core.o(.text.CoreRoot__Init) referenced from core.o(.rodata.__vmt_CoreRoot)
 <LI><a href="#[153]">CoreRoot__ReInit</a> from core.o(.text.CoreRoot__ReInit) referenced from core.o(.rodata.__vmt_CoreRoot)
 <LI><a href="#[74]">CoreRoot_cursorHoldTimerProc</a> from core.o(.text.CoreRoot_cursorHoldTimerProc) referenced 2 times from core.o(.text.CoreRoot__Init)
 <LI><a href="#[110]">CoreSystemEventQueue__Init</a> from core.o(.text.CoreSystemEventQueue__Init) referenced from core.o(.rodata._CoreSystemEventQueue)
 <LI><a href="#[157]">CoreSystemEvent__Done</a> from core.o(.text.CoreSystemEvent__Done) referenced from core.o(.rodata.__vmt_CoreSystemEvent)
 <LI><a href="#[155]">CoreSystemEvent__Init</a> from core.o(.text.CoreSystemEvent__Init) referenced from core.o(.rodata.__vmt_CoreSystemEvent)
 <LI><a href="#[156]">CoreSystemEvent__ReInit</a> from core.o(.text.CoreSystemEvent__ReInit) referenced from core.o(.rodata.__vmt_CoreSystemEvent)
 <LI><a href="#[15a]">CoreTaskQueue__Done</a> from core.o(.text.CoreTaskQueue__Done) referenced from core.o(.rodata.__vmt_CoreTaskQueue)
 <LI><a href="#[158]">CoreTaskQueue__Init</a> from core.o(.text.CoreTaskQueue__Init) referenced from core.o(.rodata.__vmt_CoreTaskQueue)
 <LI><a href="#[159]">CoreTaskQueue__ReInit</a> from core.o(.text.CoreTaskQueue__ReInit) referenced from core.o(.rodata.__vmt_CoreTaskQueue)
 <LI><a href="#[15d]">CoreTimer__Done</a> from core.o(.text.CoreTimer__Done) referenced from core.o(.rodata.__vmt_CoreTimer)
 <LI><a href="#[15b]">CoreTimer__Init</a> from core.o(.text.CoreTimer__Init) referenced from core.o(.rodata.__vmt_CoreTimer)
 <LI><a href="#[15c]">CoreTimer__ReInit</a> from core.o(.text.CoreTimer__ReInit) referenced from core.o(.rodata.__vmt_CoreTimer)
 <LI><a href="#[162]">CoreView_ArrangeView</a> from core.o(.text.CoreView_ArrangeView) referenced from core.o(.rodata.__vmt_CoreView)
 <LI><a href="#[145]">CoreView_ChangeViewState</a> from core.o(.text.CoreView_ChangeViewState) referenced from core.o(.rodata.__vmt_CoreOutline)
 <LI><a href="#[145]">CoreView_ChangeViewState</a> from core.o(.text.CoreView_ChangeViewState) referenced from core.o(.rodata.__vmt_CoreRectView)
 <LI><a href="#[145]">CoreView_ChangeViewState</a> from core.o(.text.CoreView_ChangeViewState) referenced from core.o(.rodata.__vmt_CoreView)
 <LI><a href="#[145]">CoreView_ChangeViewState</a> from core.o(.text.CoreView_ChangeViewState) referenced from views.o(.rodata.__vmt_ViewsRectangle)
 <LI><a href="#[145]">CoreView_ChangeViewState</a> from core.o(.text.CoreView_ChangeViewState) referenced from views.o(.rodata.__vmt_ViewsText)
 <LI><a href="#[144]">CoreView_CursorHitTest</a> from core.o(.text.CoreView_CursorHitTest) referenced from core.o(.rodata.__vmt_CoreOutline)
 <LI><a href="#[144]">CoreView_CursorHitTest</a> from core.o(.text.CoreView_CursorHitTest) referenced from core.o(.rodata.__vmt_CoreRectView)
 <LI><a href="#[144]">CoreView_CursorHitTest</a> from core.o(.text.CoreView_CursorHitTest) referenced from core.o(.rodata.__vmt_CoreView)
 <LI><a href="#[144]">CoreView_CursorHitTest</a> from core.o(.text.CoreView_CursorHitTest) referenced from views.o(.rodata.__vmt_ViewsRectangle)
 <LI><a href="#[144]">CoreView_CursorHitTest</a> from core.o(.text.CoreView_CursorHitTest) referenced from views.o(.rodata.__vmt_ViewsText)
 <LI><a href="#[14d]">CoreView_Draw</a> from core.o(.text.CoreView_Draw) referenced from core.o(.rodata.__vmt_CoreRectView)
 <LI><a href="#[14d]">CoreView_Draw</a> from core.o(.text.CoreView_Draw) referenced from core.o(.rodata.__vmt_CoreView)
 <LI><a href="#[164]">CoreView_GetExtent</a> from core.o(.text.CoreView_GetExtent) referenced from core.o(.rodata.__vmt_CoreView)
 <LI><a href="#[163]">CoreView_MoveView</a> from core.o(.text.CoreView_MoveView) referenced from core.o(.rodata.__vmt_CoreView)
 <LI><a href="#[160]">CoreView__Done</a> from core.o(.text.CoreView__Done) referenced from core.o(.rodata.__vmt_CoreView)
 <LI><a href="#[15e]">CoreView__Init</a> from core.o(.text.CoreView__Init) referenced from core.o(.rodata.__vmt_CoreView)
 <LI><a href="#[15f]">CoreView__ReInit</a> from core.o(.text.CoreView__ReInit) referenced from core.o(.rodata.__vmt_CoreView)
 <LI><a href="#[161]">CoreView_initLayoutContext</a> from core.o(.text.CoreView_initLayoutContext) referenced from core.o(.rodata.__vmt_CoreView)
 <LI><a href="#[58]">DCMI_IRQHandler</a> from startup_stm32f746xx.o(.text) referenced from startup_stm32f746xx.o(RESET)
 <LI><a href="#[15]">DMA1_Stream0_IRQHandler</a> from startup_stm32f746xx.o(.text) referenced from startup_stm32f746xx.o(RESET)
 <LI><a href="#[16]">DMA1_Stream1_IRQHandler</a> from startup_stm32f746xx.o(.text) referenced from startup_stm32f746xx.o(RESET)
 <LI><a href="#[17]">DMA1_Stream2_IRQHandler</a> from startup_stm32f746xx.o(.text) referenced from startup_stm32f746xx.o(RESET)
 <LI><a href="#[18]">DMA1_Stream3_IRQHandler</a> from startup_stm32f746xx.o(.text) referenced from startup_stm32f746xx.o(RESET)
 <LI><a href="#[19]">DMA1_Stream4_IRQHandler</a> from startup_stm32f746xx.o(.text) referenced from startup_stm32f746xx.o(RESET)
 <LI><a href="#[1a]">DMA1_Stream5_IRQHandler</a> from startup_stm32f746xx.o(.text) referenced from startup_stm32f746xx.o(RESET)
 <LI><a href="#[1b]">DMA1_Stream6_IRQHandler</a> from startup_stm32f746xx.o(.text) referenced from startup_stm32f746xx.o(RESET)
 <LI><a href="#[39]">DMA1_Stream7_IRQHandler</a> from startup_stm32f746xx.o(.text) referenced from startup_stm32f746xx.o(RESET)
 <LI><a href="#[63]">DMA2D_IRQHandler</a> from ew_bsp_graphics.o(.text.DMA2D_IRQHandler) referenced from startup_stm32f746xx.o(RESET)
 <LI><a href="#[42]">DMA2_Stream0_IRQHandler</a> from startup_stm32f746xx.o(.text) referenced from startup_stm32f746xx.o(RESET)
 <LI><a href="#[43]">DMA2_Stream1_IRQHandler</a> from startup_stm32f746xx.o(.text) referenced from startup_stm32f746xx.o(RESET)
 <LI><a href="#[44]">DMA2_Stream2_IRQHandler</a> from startup_stm32f746xx.o(.text) referenced from startup_stm32f746xx.o(RESET)
 <LI><a href="#[45]">DMA2_Stream3_IRQHandler</a> from startup_stm32f746xx.o(.text) referenced from startup_stm32f746xx.o(RESET)
 <LI><a href="#[46]">DMA2_Stream4_IRQHandler</a> from startup_stm32f746xx.o(.text) referenced from startup_stm32f746xx.o(RESET)
 <LI><a href="#[4e]">DMA2_Stream5_IRQHandler</a> from startup_stm32f746xx.o(.text) referenced from startup_stm32f746xx.o(RESET)
 <LI><a href="#[4f]">DMA2_Stream6_IRQHandler</a> from startup_stm32f746xx.o(.text) referenced from startup_stm32f746xx.o(RESET)
 <LI><a href="#[50]">DMA2_Stream7_IRQHandler</a> from startup_stm32f746xx.o(.text) referenced from startup_stm32f746xx.o(RESET)
 <LI><a href="#[7]">DebugMon_Handler</a> from stm32f7xx_it.o(.text.DebugMon_Handler) referenced from startup_stm32f746xx.o(RESET)
 <LI><a href="#[47]">ETH_IRQHandler</a> from startup_stm32f746xx.o(.text) referenced from startup_stm32f746xx.o(RESET)
 <LI><a href="#[48]">ETH_WKUP_IRQHandler</a> from startup_stm32f746xx.o(.text) referenced from startup_stm32f746xx.o(RESET)
 <LI><a href="#[10]">EXTI0_IRQHandler</a> from startup_stm32f746xx.o(.text) referenced from startup_stm32f746xx.o(RESET)
 <LI><a href="#[32]">EXTI15_10_IRQHandler</a> from stm32f7xx_it.o(.text.EXTI15_10_IRQHandler) referenced from startup_stm32f746xx.o(RESET)
 <LI><a href="#[11]">EXTI1_IRQHandler</a> from startup_stm32f746xx.o(.text) referenced from startup_stm32f746xx.o(RESET)
 <LI><a href="#[12]">EXTI2_IRQHandler</a> from startup_stm32f746xx.o(.text) referenced from startup_stm32f746xx.o(RESET)
 <LI><a href="#[13]">EXTI3_IRQHandler</a> from startup_stm32f746xx.o(.text) referenced from startup_stm32f746xx.o(RESET)
 <LI><a href="#[14]">EXTI4_IRQHandler</a> from startup_stm32f746xx.o(.text) referenced from startup_stm32f746xx.o(RESET)
 <LI><a href="#[21]">EXTI9_5_IRQHandler</a> from startup_stm32f746xx.o(.text) referenced from startup_stm32f746xx.o(RESET)
 <LI><a href="#[aa]">EwCopyAlpha8RowGradient</a> from ewextpxl_RGB565.o(.text.EwCopyAlpha8RowGradient) referenced 2 times from ewgfxtasks.o(.rodata.CopyWorkers)
 <LI><a href="#[ab]">EwCopyAlpha8RowGradientBlend</a> from ewextpxl_RGB565.o(.text.EwCopyAlpha8RowGradientBlend) referenced 2 times from ewgfxtasks.o(.rodata.CopyWorkers)
 <LI><a href="#[8b]">EwCopyAlpha8RowSolid</a> from ewextpxl_RGB565.o(.text.EwCopyAlpha8RowSolid) referenced from ewgfxtasks.o(.rodata.CopyWorkers)
 <LI><a href="#[8b]">EwCopyAlpha8RowSolid</a> from ewextpxl_RGB565.o(.text.EwCopyAlpha8RowSolid) referenced 2 times from ewextgfx.o(.text.GfxCopyDriver)
 <LI><a href="#[7f]">EwCopyAlpha8RowSolidBlend</a> from ewextpxl_RGB565.o(.text.EwCopyAlpha8RowSolidBlend) referenced from ewgfxtasks.o(.rodata.CopyWorkers)
 <LI><a href="#[7f]">EwCopyAlpha8RowSolidBlend</a> from ewextpxl_RGB565.o(.text.EwCopyAlpha8RowSolidBlend) referenced 2 times from ewextgfx.o(.text.GfxBlendDriver)
 <LI><a href="#[89]">EwCopyIndex8Row</a> from ewextpxl_RGB565.o(.text.EwCopyIndex8Row) referenced 2 times from ewextgfx.o(.text.GfxCopyDriver)
 <LI><a href="#[7d]">EwCopyIndex8RowBlend</a> from ewextpxl_RGB565.o(.text.EwCopyIndex8RowBlend) referenced 2 times from ewextgfx.o(.text.GfxBlendDriver)
 <LI><a href="#[a8]">EwCopyIndex8RowGradient</a> from ewextpxl_RGB565.o(.text.EwCopyIndex8RowGradient) referenced 2 times from ewgfxtasks.o(.rodata.CopyWorkers)
 <LI><a href="#[a9]">EwCopyIndex8RowGradientBlend</a> from ewextpxl_RGB565.o(.text.EwCopyIndex8RowGradientBlend) referenced 2 times from ewgfxtasks.o(.rodata.CopyWorkers)
 <LI><a href="#[8a]">EwCopyIndex8RowSolid</a> from ewextpxl_RGB565.o(.text.EwCopyIndex8RowSolid) referenced from ewgfxtasks.o(.rodata.CopyWorkers)
 <LI><a href="#[8a]">EwCopyIndex8RowSolid</a> from ewextpxl_RGB565.o(.text.EwCopyIndex8RowSolid) referenced 2 times from ewextgfx.o(.text.GfxCopyDriver)
 <LI><a href="#[7e]">EwCopyIndex8RowSolidBlend</a> from ewextpxl_RGB565.o(.text.EwCopyIndex8RowSolidBlend) referenced from ewgfxtasks.o(.rodata.CopyWorkers)
 <LI><a href="#[7e]">EwCopyIndex8RowSolidBlend</a> from ewextpxl_RGB565.o(.text.EwCopyIndex8RowSolidBlend) referenced 2 times from ewextgfx.o(.text.GfxBlendDriver)
 <LI><a href="#[87]">EwCopyNativeRow</a> from ewextpxl_RGB565.o(.text.EwCopyNativeRow) referenced 2 times from ewextgfx.o(.text.GfxCopyDriver)
 <LI><a href="#[7b]">EwCopyNativeRowBlend</a> from ewextpxl_RGB565.o(.text.EwCopyNativeRowBlend) referenced 2 times from ewextgfx.o(.text.GfxBlendDriver)
 <LI><a href="#[a6]">EwCopyNativeRowGradient</a> from ewextpxl_RGB565.o(.text.EwCopyNativeRowGradient) referenced 2 times from ewgfxtasks.o(.rodata.CopyWorkers)
 <LI><a href="#[a7]">EwCopyNativeRowGradientBlend</a> from ewextpxl_RGB565.o(.text.EwCopyNativeRowGradientBlend) referenced 2 times from ewgfxtasks.o(.rodata.CopyWorkers)
 <LI><a href="#[88]">EwCopyNativeRowSolid</a> from ewextpxl_RGB565.o(.text.EwCopyNativeRowSolid) referenced from ewgfxtasks.o(.rodata.CopyWorkers)
 <LI><a href="#[88]">EwCopyNativeRowSolid</a> from ewextpxl_RGB565.o(.text.EwCopyNativeRowSolid) referenced 2 times from ewextgfx.o(.text.GfxCopyDriver)
 <LI><a href="#[7c]">EwCopyNativeRowSolidBlend</a> from ewextpxl_RGB565.o(.text.EwCopyNativeRowSolidBlend) referenced from ewgfxtasks.o(.rodata.CopyWorkers)
 <LI><a href="#[7c]">EwCopyNativeRowSolidBlend</a> from ewextpxl_RGB565.o(.text.EwCopyNativeRowSolidBlend) referenced 2 times from ewextgfx.o(.text.GfxBlendDriver)
 <LI><a href="#[8d]">EwCopyRGB565Row</a> from ewextpxl_RGB565.o(.text.EwCopyRGB565Row) referenced 2 times from ewextgfx.o(.text.GfxCopyDriver)
 <LI><a href="#[ac]">EwCopyRGB565RowGradient</a> from ewextpxl_RGB565.o(.text.EwCopyRGB565RowGradient) referenced 2 times from ewgfxtasks.o(.rodata.CopyWorkers)
 <LI><a href="#[ad]">EwCopyRGB565RowGradientBlend</a> from ewextpxl_RGB565.o(.text.EwCopyRGB565RowGradientBlend) referenced 2 times from ewgfxtasks.o(.rodata.CopyWorkers)
 <LI><a href="#[8e]">EwCopyRGB565RowSolid</a> from ewextpxl_RGB565.o(.text.EwCopyRGB565RowSolid) referenced from ewgfxtasks.o(.rodata.CopyWorkers)
 <LI><a href="#[8e]">EwCopyRGB565RowSolid</a> from ewextpxl_RGB565.o(.text.EwCopyRGB565RowSolid) referenced 2 times from ewextgfx.o(.text.GfxCopyDriver)
 <LI><a href="#[81]">EwCopyRGB565RowSolidBlend</a> from ewextpxl_RGB565.o(.text.EwCopyRGB565RowSolidBlend) referenced from ewgfxtasks.o(.rodata.CopyWorkers)
 <LI><a href="#[81]">EwCopyRGB565RowSolidBlend</a> from ewextpxl_RGB565.o(.text.EwCopyRGB565RowSolidBlend) referenced 2 times from ewextgfx.o(.text.GfxBlendDriver)
 <LI><a href="#[b7]">EwFillRowGradient</a> from ewextpxl_RGB565.o(.text.EwFillRowGradient) referenced 2 times from ewgfxtasks.o(.rodata.FillWorkers)
 <LI><a href="#[b8]">EwFillRowGradientBlend</a> from ewextpxl_RGB565.o(.text.EwFillRowGradientBlend) referenced 2 times from ewgfxtasks.o(.rodata.FillWorkers)
 <LI><a href="#[97]">EwFillRowSolid</a> from ewextpxl_RGB565.o(.text.EwFillRowSolid) referenced from ewgfxtasks.o(.rodata.FillWorkers)
 <LI><a href="#[97]">EwFillRowSolid</a> from ewextpxl_RGB565.o(.text.EwFillRowSolid) referenced 2 times from ewextgfx.o(.text.GfxFillDriver)
 <LI><a href="#[98]">EwFillRowSolidBlend</a> from ewextpxl_RGB565.o(.text.EwFillRowSolidBlend) referenced from ewgfxtasks.o(.rodata.FillWorkers)
 <LI><a href="#[98]">EwFillRowSolidBlend</a> from ewextpxl_RGB565.o(.text.EwFillRowSolidBlend) referenced 2 times from ewextgfx.o(.text.GfxFillDriver)
 <LI><a href="#[b2]">EwScreenCopyAlpha8RowGradient</a> from ewextpxl_RGB565.o(.text.EwScreenCopyAlpha8RowGradient) referenced 2 times from ewgfxtasks.o(.rodata.CopyWorkers)
 <LI><a href="#[b3]">EwScreenCopyAlpha8RowGradientBlend</a> from ewextpxl_RGB565.o(.text.EwScreenCopyAlpha8RowGradientBlend) referenced 2 times from ewgfxtasks.o(.rodata.CopyWorkers)
 <LI><a href="#[8c]">EwScreenCopyAlpha8RowSolid</a> from ewextpxl_RGB565.o(.text.EwScreenCopyAlpha8RowSolid) referenced from ewgfxtasks.o(.rodata.CopyWorkers)
 <LI><a href="#[8c]">EwScreenCopyAlpha8RowSolid</a> from ewextpxl_RGB565.o(.text.EwScreenCopyAlpha8RowSolid) referenced 2 times from ewextgfx.o(.text.GfxCopyDriver)
 <LI><a href="#[80]">EwScreenCopyAlpha8RowSolidBlend</a> from ewextpxl_RGB565.o(.text.EwScreenCopyAlpha8RowSolidBlend) referenced from ewgfxtasks.o(.rodata.CopyWorkers)
 <LI><a href="#[80]">EwScreenCopyAlpha8RowSolidBlend</a> from ewextpxl_RGB565.o(.text.EwScreenCopyAlpha8RowSolidBlend) referenced 2 times from ewextgfx.o(.text.GfxBlendDriver)
 <LI><a href="#[91]">EwScreenCopyIndex8Row</a> from ewextpxl_RGB565.o(.text.EwScreenCopyIndex8Row) referenced 2 times from ewextgfx.o(.text.GfxCopyDriver)
 <LI><a href="#[85]">EwScreenCopyIndex8RowBlend</a> from ewextpxl_RGB565.o(.text.EwScreenCopyIndex8RowBlend) referenced 2 times from ewextgfx.o(.text.GfxBlendDriver)
 <LI><a href="#[b0]">EwScreenCopyIndex8RowGradient</a> from ewextpxl_RGB565.o(.text.EwScreenCopyIndex8RowGradient) referenced 2 times from ewgfxtasks.o(.rodata.CopyWorkers)
 <LI><a href="#[b1]">EwScreenCopyIndex8RowGradientBlend</a> from ewextpxl_RGB565.o(.text.EwScreenCopyIndex8RowGradientBlend) referenced 2 times from ewgfxtasks.o(.rodata.CopyWorkers)
 <LI><a href="#[92]">EwScreenCopyIndex8RowSolid</a> from ewextpxl_RGB565.o(.text.EwScreenCopyIndex8RowSolid) referenced from ewgfxtasks.o(.rodata.CopyWorkers)
 <LI><a href="#[92]">EwScreenCopyIndex8RowSolid</a> from ewextpxl_RGB565.o(.text.EwScreenCopyIndex8RowSolid) referenced 2 times from ewextgfx.o(.text.GfxCopyDriver)
 <LI><a href="#[86]">EwScreenCopyIndex8RowSolidBlend</a> from ewextpxl_RGB565.o(.text.EwScreenCopyIndex8RowSolidBlend) referenced from ewgfxtasks.o(.rodata.CopyWorkers)
 <LI><a href="#[86]">EwScreenCopyIndex8RowSolidBlend</a> from ewextpxl_RGB565.o(.text.EwScreenCopyIndex8RowSolidBlend) referenced 2 times from ewextgfx.o(.text.GfxBlendDriver)
 <LI><a href="#[8f]">EwScreenCopyNativeRow</a> from ewextpxl_RGB565.o(.text.EwScreenCopyNativeRow) referenced 2 times from ewextgfx.o(.text.GfxCopyDriver)
 <LI><a href="#[83]">EwScreenCopyNativeRowBlend</a> from ewextpxl_RGB565.o(.text.EwScreenCopyNativeRowBlend) referenced 2 times from ewextgfx.o(.text.GfxBlendDriver)
 <LI><a href="#[ae]">EwScreenCopyNativeRowGradient</a> from ewextpxl_RGB565.o(.text.EwScreenCopyNativeRowGradient) referenced 2 times from ewgfxtasks.o(.rodata.CopyWorkers)
 <LI><a href="#[af]">EwScreenCopyNativeRowGradientBlend</a> from ewextpxl_RGB565.o(.text.EwScreenCopyNativeRowGradientBlend) referenced 2 times from ewgfxtasks.o(.rodata.CopyWorkers)
 <LI><a href="#[90]">EwScreenCopyNativeRowSolid</a> from ewextpxl_RGB565.o(.text.EwScreenCopyNativeRowSolid) referenced from ewgfxtasks.o(.rodata.CopyWorkers)
 <LI><a href="#[90]">EwScreenCopyNativeRowSolid</a> from ewextpxl_RGB565.o(.text.EwScreenCopyNativeRowSolid) referenced 2 times from ewextgfx.o(.text.GfxCopyDriver)
 <LI><a href="#[84]">EwScreenCopyNativeRowSolidBlend</a> from ewextpxl_RGB565.o(.text.EwScreenCopyNativeRowSolidBlend) referenced from ewgfxtasks.o(.rodata.CopyWorkers)
 <LI><a href="#[84]">EwScreenCopyNativeRowSolidBlend</a> from ewextpxl_RGB565.o(.text.EwScreenCopyNativeRowSolidBlend) referenced 2 times from ewextgfx.o(.text.GfxBlendDriver)
 <LI><a href="#[93]">EwScreenCopyRGB565Row</a> from ewextpxl_RGB565.o(.text.EwScreenCopyRGB565Row) referenced 2 times from ewextgfx.o(.text.GfxCopyDriver)
 <LI><a href="#[b4]">EwScreenCopyRGB565RowGradient</a> from ewextpxl_RGB565.o(.text.EwScreenCopyRGB565RowGradient) referenced 2 times from ewgfxtasks.o(.rodata.CopyWorkers)
 <LI><a href="#[b5]">EwScreenCopyRGB565RowGradientBlend</a> from ewextpxl_RGB565.o(.text.EwScreenCopyRGB565RowGradientBlend) referenced 2 times from ewgfxtasks.o(.rodata.CopyWorkers)
 <LI><a href="#[94]">EwScreenCopyRGB565RowSolid</a> from ewextpxl_RGB565.o(.text.EwScreenCopyRGB565RowSolid) referenced from ewgfxtasks.o(.rodata.CopyWorkers)
 <LI><a href="#[94]">EwScreenCopyRGB565RowSolid</a> from ewextpxl_RGB565.o(.text.EwScreenCopyRGB565RowSolid) referenced 2 times from ewextgfx.o(.text.GfxCopyDriver)
 <LI><a href="#[82]">EwScreenCopyRGB565RowSolidBlend</a> from ewextpxl_RGB565.o(.text.EwScreenCopyRGB565RowSolidBlend) referenced from ewgfxtasks.o(.rodata.CopyWorkers)
 <LI><a href="#[82]">EwScreenCopyRGB565RowSolidBlend</a> from ewextpxl_RGB565.o(.text.EwScreenCopyRGB565RowSolidBlend) referenced 2 times from ewextgfx.o(.text.GfxBlendDriver)
 <LI><a href="#[b9]">EwScreenFillRowGradient</a> from ewextpxl_RGB565.o(.text.EwScreenFillRowGradient) referenced 2 times from ewgfxtasks.o(.rodata.FillWorkers)
 <LI><a href="#[ba]">EwScreenFillRowGradientBlend</a> from ewextpxl_RGB565.o(.text.EwScreenFillRowGradientBlend) referenced 2 times from ewgfxtasks.o(.rodata.FillWorkers)
 <LI><a href="#[95]">EwScreenFillRowSolid</a> from ewextpxl_RGB565.o(.text.EwScreenFillRowSolid) referenced from ewgfxtasks.o(.rodata.FillWorkers)
 <LI><a href="#[95]">EwScreenFillRowSolid</a> from ewextpxl_RGB565.o(.text.EwScreenFillRowSolid) referenced 2 times from ewextgfx.o(.text.GfxFillDriver)
 <LI><a href="#[96]">EwScreenFillRowSolidBlend</a> from ewextpxl_RGB565.o(.text.EwScreenFillRowSolidBlend) referenced from ewgfxtasks.o(.rodata.FillWorkers)
 <LI><a href="#[96]">EwScreenFillRowSolidBlend</a> from ewextpxl_RGB565.o(.text.EwScreenFillRowSolidBlend) referenced 2 times from ewextgfx.o(.text.GfxFillDriver)
 <LI><a href="#[78]">EwScreenSetPixelSolid</a> from ewextpxl_RGB565.o(.text.EwScreenSetPixelSolid) referenced 2 times from ewgfxtasks.o(.text.EwExecuteTasks)
 <LI><a href="#[79]">EwScreenSetPixelSolidBlend</a> from ewextpxl_RGB565.o(.text.EwScreenSetPixelSolidBlend) referenced 2 times from ewgfxtasks.o(.text.EwExecuteTasks)
 <LI><a href="#[103]">EwScreenWarpAlpha8RowFilterGradient</a> from ewextpxl_RGB565.o(.text.EwScreenWarpAlpha8RowFilterGradient) referenced 2 times from ewgfxtasks.o(.rodata.WarpAffineWorkers)
 <LI><a href="#[103]">EwScreenWarpAlpha8RowFilterGradient</a> from ewextpxl_RGB565.o(.text.EwScreenWarpAlpha8RowFilterGradient) referenced from ewgfxtasks.o(.rodata.WarpPerspWorkers)
 <LI><a href="#[104]">EwScreenWarpAlpha8RowFilterGradientBlend</a> from ewextpxl_RGB565.o(.text.EwScreenWarpAlpha8RowFilterGradientBlend) referenced 2 times from ewgfxtasks.o(.rodata.WarpAffineWorkers)
 <LI><a href="#[104]">EwScreenWarpAlpha8RowFilterGradientBlend</a> from ewextpxl_RGB565.o(.text.EwScreenWarpAlpha8RowFilterGradientBlend) referenced from ewgfxtasks.o(.rodata.WarpPerspWorkers)
 <LI><a href="#[101]">EwScreenWarpAlpha8RowFilterSolid</a> from ewextpxl_RGB565.o(.text.EwScreenWarpAlpha8RowFilterSolid) referenced from ewgfxtasks.o(.rodata.WarpAffineWorkers)
 <LI><a href="#[101]">EwScreenWarpAlpha8RowFilterSolid</a> from ewextpxl_RGB565.o(.text.EwScreenWarpAlpha8RowFilterSolid) referenced from ewgfxtasks.o(.rodata.WarpPerspWorkers)
 <LI><a href="#[102]">EwScreenWarpAlpha8RowFilterSolidBlend</a> from ewextpxl_RGB565.o(.text.EwScreenWarpAlpha8RowFilterSolidBlend) referenced from ewgfxtasks.o(.rodata.WarpAffineWorkers)
 <LI><a href="#[102]">EwScreenWarpAlpha8RowFilterSolidBlend</a> from ewextpxl_RGB565.o(.text.EwScreenWarpAlpha8RowFilterSolidBlend) referenced from ewgfxtasks.o(.rodata.WarpPerspWorkers)
 <LI><a href="#[ff]">EwScreenWarpAlpha8RowGradient</a> from ewextpxl_RGB565.o(.text.EwScreenWarpAlpha8RowGradient) referenced 2 times from ewgfxtasks.o(.rodata.WarpAffineWorkers)
 <LI><a href="#[ff]">EwScreenWarpAlpha8RowGradient</a> from ewextpxl_RGB565.o(.text.EwScreenWarpAlpha8RowGradient) referenced from ewgfxtasks.o(.rodata.WarpPerspWorkers)
 <LI><a href="#[100]">EwScreenWarpAlpha8RowGradientBlend</a> from ewextpxl_RGB565.o(.text.EwScreenWarpAlpha8RowGradientBlend) referenced 2 times from ewgfxtasks.o(.rodata.WarpAffineWorkers)
 <LI><a href="#[100]">EwScreenWarpAlpha8RowGradientBlend</a> from ewextpxl_RGB565.o(.text.EwScreenWarpAlpha8RowGradientBlend) referenced from ewgfxtasks.o(.rodata.WarpPerspWorkers)
 <LI><a href="#[fd]">EwScreenWarpAlpha8RowSolid</a> from ewextpxl_RGB565.o(.text.EwScreenWarpAlpha8RowSolid) referenced from ewgfxtasks.o(.rodata.WarpAffineWorkers)
 <LI><a href="#[fd]">EwScreenWarpAlpha8RowSolid</a> from ewextpxl_RGB565.o(.text.EwScreenWarpAlpha8RowSolid) referenced from ewgfxtasks.o(.rodata.WarpPerspWorkers)
 <LI><a href="#[fe]">EwScreenWarpAlpha8RowSolidBlend</a> from ewextpxl_RGB565.o(.text.EwScreenWarpAlpha8RowSolidBlend) referenced from ewgfxtasks.o(.rodata.WarpAffineWorkers)
 <LI><a href="#[fe]">EwScreenWarpAlpha8RowSolidBlend</a> from ewextpxl_RGB565.o(.text.EwScreenWarpAlpha8RowSolidBlend) referenced from ewgfxtasks.o(.rodata.WarpPerspWorkers)
 <LI><a href="#[f1]">EwScreenWarpIndex8Row</a> from ewextpxl_RGB565.o(.text.EwScreenWarpIndex8Row) referenced from ewgfxtasks.o(.rodata.WarpAffineWorkers)
 <LI><a href="#[f1]">EwScreenWarpIndex8Row</a> from ewextpxl_RGB565.o(.text.EwScreenWarpIndex8Row) referenced from ewgfxtasks.o(.rodata.WarpPerspWorkers)
 <LI><a href="#[f2]">EwScreenWarpIndex8RowBlend</a> from ewextpxl_RGB565.o(.text.EwScreenWarpIndex8RowBlend) referenced from ewgfxtasks.o(.rodata.WarpAffineWorkers)
 <LI><a href="#[f2]">EwScreenWarpIndex8RowBlend</a> from ewextpxl_RGB565.o(.text.EwScreenWarpIndex8RowBlend) referenced from ewgfxtasks.o(.rodata.WarpPerspWorkers)
 <LI><a href="#[f7]">EwScreenWarpIndex8RowFilter</a> from ewextpxl_RGB565.o(.text.EwScreenWarpIndex8RowFilter) referenced from ewgfxtasks.o(.rodata.WarpAffineWorkers)
 <LI><a href="#[f7]">EwScreenWarpIndex8RowFilter</a> from ewextpxl_RGB565.o(.text.EwScreenWarpIndex8RowFilter) referenced from ewgfxtasks.o(.rodata.WarpPerspWorkers)
 <LI><a href="#[f8]">EwScreenWarpIndex8RowFilterBlend</a> from ewextpxl_RGB565.o(.text.EwScreenWarpIndex8RowFilterBlend) referenced from ewgfxtasks.o(.rodata.WarpAffineWorkers)
 <LI><a href="#[f8]">EwScreenWarpIndex8RowFilterBlend</a> from ewextpxl_RGB565.o(.text.EwScreenWarpIndex8RowFilterBlend) referenced from ewgfxtasks.o(.rodata.WarpPerspWorkers)
 <LI><a href="#[fb]">EwScreenWarpIndex8RowFilterGradient</a> from ewextpxl_RGB565.o(.text.EwScreenWarpIndex8RowFilterGradient) referenced 2 times from ewgfxtasks.o(.rodata.WarpAffineWorkers)
 <LI><a href="#[fb]">EwScreenWarpIndex8RowFilterGradient</a> from ewextpxl_RGB565.o(.text.EwScreenWarpIndex8RowFilterGradient) referenced from ewgfxtasks.o(.rodata.WarpPerspWorkers)
 <LI><a href="#[fc]">EwScreenWarpIndex8RowFilterGradientBlend</a> from ewextpxl_RGB565.o(.text.EwScreenWarpIndex8RowFilterGradientBlend) referenced 2 times from ewgfxtasks.o(.rodata.WarpAffineWorkers)
 <LI><a href="#[fc]">EwScreenWarpIndex8RowFilterGradientBlend</a> from ewextpxl_RGB565.o(.text.EwScreenWarpIndex8RowFilterGradientBlend) referenced from ewgfxtasks.o(.rodata.WarpPerspWorkers)
 <LI><a href="#[f9]">EwScreenWarpIndex8RowFilterSolid</a> from ewextpxl_RGB565.o(.text.EwScreenWarpIndex8RowFilterSolid) referenced from ewgfxtasks.o(.rodata.WarpAffineWorkers)
 <LI><a href="#[f9]">EwScreenWarpIndex8RowFilterSolid</a> from ewextpxl_RGB565.o(.text.EwScreenWarpIndex8RowFilterSolid) referenced from ewgfxtasks.o(.rodata.WarpPerspWorkers)
 <LI><a href="#[fa]">EwScreenWarpIndex8RowFilterSolidBlend</a> from ewextpxl_RGB565.o(.text.EwScreenWarpIndex8RowFilterSolidBlend) referenced from ewgfxtasks.o(.rodata.WarpAffineWorkers)
 <LI><a href="#[fa]">EwScreenWarpIndex8RowFilterSolidBlend</a> from ewextpxl_RGB565.o(.text.EwScreenWarpIndex8RowFilterSolidBlend) referenced from ewgfxtasks.o(.rodata.WarpPerspWorkers)
 <LI><a href="#[f5]">EwScreenWarpIndex8RowGradient</a> from ewextpxl_RGB565.o(.text.EwScreenWarpIndex8RowGradient) referenced 2 times from ewgfxtasks.o(.rodata.WarpAffineWorkers)
 <LI><a href="#[f5]">EwScreenWarpIndex8RowGradient</a> from ewextpxl_RGB565.o(.text.EwScreenWarpIndex8RowGradient) referenced from ewgfxtasks.o(.rodata.WarpPerspWorkers)
 <LI><a href="#[f6]">EwScreenWarpIndex8RowGradientBlend</a> from ewextpxl_RGB565.o(.text.EwScreenWarpIndex8RowGradientBlend) referenced 2 times from ewgfxtasks.o(.rodata.WarpAffineWorkers)
 <LI><a href="#[f6]">EwScreenWarpIndex8RowGradientBlend</a> from ewextpxl_RGB565.o(.text.EwScreenWarpIndex8RowGradientBlend) referenced from ewgfxtasks.o(.rodata.WarpPerspWorkers)
 <LI><a href="#[f3]">EwScreenWarpIndex8RowSolid</a> from ewextpxl_RGB565.o(.text.EwScreenWarpIndex8RowSolid) referenced from ewgfxtasks.o(.rodata.WarpAffineWorkers)
 <LI><a href="#[f3]">EwScreenWarpIndex8RowSolid</a> from ewextpxl_RGB565.o(.text.EwScreenWarpIndex8RowSolid) referenced from ewgfxtasks.o(.rodata.WarpPerspWorkers)
 <LI><a href="#[f4]">EwScreenWarpIndex8RowSolidBlend</a> from ewextpxl_RGB565.o(.text.EwScreenWarpIndex8RowSolidBlend) referenced from ewgfxtasks.o(.rodata.WarpAffineWorkers)
 <LI><a href="#[f4]">EwScreenWarpIndex8RowSolidBlend</a> from ewextpxl_RGB565.o(.text.EwScreenWarpIndex8RowSolidBlend) referenced from ewgfxtasks.o(.rodata.WarpPerspWorkers)
 <LI><a href="#[e5]">EwScreenWarpNativeRow</a> from ewextpxl_RGB565.o(.text.EwScreenWarpNativeRow) referenced from ewgfxtasks.o(.rodata.WarpAffineWorkers)
 <LI><a href="#[e5]">EwScreenWarpNativeRow</a> from ewextpxl_RGB565.o(.text.EwScreenWarpNativeRow) referenced from ewgfxtasks.o(.rodata.WarpPerspWorkers)
 <LI><a href="#[e6]">EwScreenWarpNativeRowBlend</a> from ewextpxl_RGB565.o(.text.EwScreenWarpNativeRowBlend) referenced from ewgfxtasks.o(.rodata.WarpAffineWorkers)
 <LI><a href="#[e6]">EwScreenWarpNativeRowBlend</a> from ewextpxl_RGB565.o(.text.EwScreenWarpNativeRowBlend) referenced from ewgfxtasks.o(.rodata.WarpPerspWorkers)
 <LI><a href="#[eb]">EwScreenWarpNativeRowFilter</a> from ewextpxl_RGB565.o(.text.EwScreenWarpNativeRowFilter) referenced from ewgfxtasks.o(.rodata.WarpAffineWorkers)
 <LI><a href="#[eb]">EwScreenWarpNativeRowFilter</a> from ewextpxl_RGB565.o(.text.EwScreenWarpNativeRowFilter) referenced from ewgfxtasks.o(.rodata.WarpPerspWorkers)
 <LI><a href="#[ec]">EwScreenWarpNativeRowFilterBlend</a> from ewextpxl_RGB565.o(.text.EwScreenWarpNativeRowFilterBlend) referenced from ewgfxtasks.o(.rodata.WarpAffineWorkers)
 <LI><a href="#[ec]">EwScreenWarpNativeRowFilterBlend</a> from ewextpxl_RGB565.o(.text.EwScreenWarpNativeRowFilterBlend) referenced from ewgfxtasks.o(.rodata.WarpPerspWorkers)
 <LI><a href="#[ef]">EwScreenWarpNativeRowFilterGradient</a> from ewextpxl_RGB565.o(.text.EwScreenWarpNativeRowFilterGradient) referenced 2 times from ewgfxtasks.o(.rodata.WarpAffineWorkers)
 <LI><a href="#[ef]">EwScreenWarpNativeRowFilterGradient</a> from ewextpxl_RGB565.o(.text.EwScreenWarpNativeRowFilterGradient) referenced from ewgfxtasks.o(.rodata.WarpPerspWorkers)
 <LI><a href="#[f0]">EwScreenWarpNativeRowFilterGradientBlend</a> from ewextpxl_RGB565.o(.text.EwScreenWarpNativeRowFilterGradientBlend) referenced 2 times from ewgfxtasks.o(.rodata.WarpAffineWorkers)
 <LI><a href="#[f0]">EwScreenWarpNativeRowFilterGradientBlend</a> from ewextpxl_RGB565.o(.text.EwScreenWarpNativeRowFilterGradientBlend) referenced from ewgfxtasks.o(.rodata.WarpPerspWorkers)
 <LI><a href="#[ed]">EwScreenWarpNativeRowFilterSolid</a> from ewextpxl_RGB565.o(.text.EwScreenWarpNativeRowFilterSolid) referenced from ewgfxtasks.o(.rodata.WarpAffineWorkers)
 <LI><a href="#[ed]">EwScreenWarpNativeRowFilterSolid</a> from ewextpxl_RGB565.o(.text.EwScreenWarpNativeRowFilterSolid) referenced from ewgfxtasks.o(.rodata.WarpPerspWorkers)
 <LI><a href="#[ee]">EwScreenWarpNativeRowFilterSolidBlend</a> from ewextpxl_RGB565.o(.text.EwScreenWarpNativeRowFilterSolidBlend) referenced from ewgfxtasks.o(.rodata.WarpAffineWorkers)
 <LI><a href="#[ee]">EwScreenWarpNativeRowFilterSolidBlend</a> from ewextpxl_RGB565.o(.text.EwScreenWarpNativeRowFilterSolidBlend) referenced from ewgfxtasks.o(.rodata.WarpPerspWorkers)
 <LI><a href="#[e9]">EwScreenWarpNativeRowGradient</a> from ewextpxl_RGB565.o(.text.EwScreenWarpNativeRowGradient) referenced 2 times from ewgfxtasks.o(.rodata.WarpAffineWorkers)
 <LI><a href="#[e9]">EwScreenWarpNativeRowGradient</a> from ewextpxl_RGB565.o(.text.EwScreenWarpNativeRowGradient) referenced from ewgfxtasks.o(.rodata.WarpPerspWorkers)
 <LI><a href="#[ea]">EwScreenWarpNativeRowGradientBlend</a> from ewextpxl_RGB565.o(.text.EwScreenWarpNativeRowGradientBlend) referenced 2 times from ewgfxtasks.o(.rodata.WarpAffineWorkers)
 <LI><a href="#[ea]">EwScreenWarpNativeRowGradientBlend</a> from ewextpxl_RGB565.o(.text.EwScreenWarpNativeRowGradientBlend) referenced from ewgfxtasks.o(.rodata.WarpPerspWorkers)
 <LI><a href="#[e7]">EwScreenWarpNativeRowSolid</a> from ewextpxl_RGB565.o(.text.EwScreenWarpNativeRowSolid) referenced from ewgfxtasks.o(.rodata.WarpAffineWorkers)
 <LI><a href="#[e7]">EwScreenWarpNativeRowSolid</a> from ewextpxl_RGB565.o(.text.EwScreenWarpNativeRowSolid) referenced from ewgfxtasks.o(.rodata.WarpPerspWorkers)
 <LI><a href="#[e8]">EwScreenWarpNativeRowSolidBlend</a> from ewextpxl_RGB565.o(.text.EwScreenWarpNativeRowSolidBlend) referenced from ewgfxtasks.o(.rodata.WarpAffineWorkers)
 <LI><a href="#[e8]">EwScreenWarpNativeRowSolidBlend</a> from ewextpxl_RGB565.o(.text.EwScreenWarpNativeRowSolidBlend) referenced from ewgfxtasks.o(.rodata.WarpPerspWorkers)
 <LI><a href="#[105]">EwScreenWarpRGB565Row</a> from ewextpxl_RGB565.o(.text.EwScreenWarpRGB565Row) referenced 2 times from ewgfxtasks.o(.rodata.WarpAffineWorkers)
 <LI><a href="#[105]">EwScreenWarpRGB565Row</a> from ewextpxl_RGB565.o(.text.EwScreenWarpRGB565Row) referenced 2 times from ewgfxtasks.o(.rodata.WarpPerspWorkers)
 <LI><a href="#[10a]">EwScreenWarpRGB565RowFilter</a> from ewextpxl_RGB565.o(.text.EwScreenWarpRGB565RowFilter) referenced 2 times from ewgfxtasks.o(.rodata.WarpAffineWorkers)
 <LI><a href="#[10a]">EwScreenWarpRGB565RowFilter</a> from ewextpxl_RGB565.o(.text.EwScreenWarpRGB565RowFilter) referenced 2 times from ewgfxtasks.o(.rodata.WarpPerspWorkers)
 <LI><a href="#[10d]">EwScreenWarpRGB565RowFilterGradient</a> from ewextpxl_RGB565.o(.text.EwScreenWarpRGB565RowFilterGradient) referenced 2 times from ewgfxtasks.o(.rodata.WarpAffineWorkers)
 <LI><a href="#[10d]">EwScreenWarpRGB565RowFilterGradient</a> from ewextpxl_RGB565.o(.text.EwScreenWarpRGB565RowFilterGradient) referenced from ewgfxtasks.o(.rodata.WarpPerspWorkers)
 <LI><a href="#[10e]">EwScreenWarpRGB565RowFilterGradientBlend</a> from ewextpxl_RGB565.o(.text.EwScreenWarpRGB565RowFilterGradientBlend) referenced 2 times from ewgfxtasks.o(.rodata.WarpAffineWorkers)
 <LI><a href="#[10e]">EwScreenWarpRGB565RowFilterGradientBlend</a> from ewextpxl_RGB565.o(.text.EwScreenWarpRGB565RowFilterGradientBlend) referenced from ewgfxtasks.o(.rodata.WarpPerspWorkers)
 <LI><a href="#[10b]">EwScreenWarpRGB565RowFilterSolid</a> from ewextpxl_RGB565.o(.text.EwScreenWarpRGB565RowFilterSolid) referenced from ewgfxtasks.o(.rodata.WarpAffineWorkers)
 <LI><a href="#[10b]">EwScreenWarpRGB565RowFilterSolid</a> from ewextpxl_RGB565.o(.text.EwScreenWarpRGB565RowFilterSolid) referenced from ewgfxtasks.o(.rodata.WarpPerspWorkers)
 <LI><a href="#[10c]">EwScreenWarpRGB565RowFilterSolidBlend</a> from ewextpxl_RGB565.o(.text.EwScreenWarpRGB565RowFilterSolidBlend) referenced from ewgfxtasks.o(.rodata.WarpAffineWorkers)
 <LI><a href="#[10c]">EwScreenWarpRGB565RowFilterSolidBlend</a> from ewextpxl_RGB565.o(.text.EwScreenWarpRGB565RowFilterSolidBlend) referenced from ewgfxtasks.o(.rodata.WarpPerspWorkers)
 <LI><a href="#[108]">EwScreenWarpRGB565RowGradient</a> from ewextpxl_RGB565.o(.text.EwScreenWarpRGB565RowGradient) referenced 2 times from ewgfxtasks.o(.rodata.WarpAffineWorkers)
 <LI><a href="#[108]">EwScreenWarpRGB565RowGradient</a> from ewextpxl_RGB565.o(.text.EwScreenWarpRGB565RowGradient) referenced from ewgfxtasks.o(.rodata.WarpPerspWorkers)
 <LI><a href="#[109]">EwScreenWarpRGB565RowGradientBlend</a> from ewextpxl_RGB565.o(.text.EwScreenWarpRGB565RowGradientBlend) referenced 2 times from ewgfxtasks.o(.rodata.WarpAffineWorkers)
 <LI><a href="#[109]">EwScreenWarpRGB565RowGradientBlend</a> from ewextpxl_RGB565.o(.text.EwScreenWarpRGB565RowGradientBlend) referenced from ewgfxtasks.o(.rodata.WarpPerspWorkers)
 <LI><a href="#[106]">EwScreenWarpRGB565RowSolid</a> from ewextpxl_RGB565.o(.text.EwScreenWarpRGB565RowSolid) referenced from ewgfxtasks.o(.rodata.WarpAffineWorkers)
 <LI><a href="#[106]">EwScreenWarpRGB565RowSolid</a> from ewextpxl_RGB565.o(.text.EwScreenWarpRGB565RowSolid) referenced from ewgfxtasks.o(.rodata.WarpPerspWorkers)
 <LI><a href="#[107]">EwScreenWarpRGB565RowSolidBlend</a> from ewextpxl_RGB565.o(.text.EwScreenWarpRGB565RowSolidBlend) referenced from ewgfxtasks.o(.rodata.WarpAffineWorkers)
 <LI><a href="#[107]">EwScreenWarpRGB565RowSolidBlend</a> from ewextpxl_RGB565.o(.text.EwScreenWarpRGB565RowSolidBlend) referenced from ewgfxtasks.o(.rodata.WarpPerspWorkers)
 <LI><a href="#[76]">EwSetPixelSolid</a> from ewextpxl_RGB565.o(.text.EwSetPixelSolid) referenced 2 times from ewgfxtasks.o(.text.EwExecuteTasks)
 <LI><a href="#[77]">EwSetPixelSolidBlend</a> from ewextpxl_RGB565.o(.text.EwSetPixelSolidBlend) referenced 2 times from ewgfxtasks.o(.text.EwExecuteTasks)
 <LI><a href="#[d9]">EwWarpAlpha8RowFilterGradient</a> from ewextpxl_RGB565.o(.text.EwWarpAlpha8RowFilterGradient) referenced 2 times from ewgfxtasks.o(.rodata.WarpAffineWorkers)
 <LI><a href="#[d9]">EwWarpAlpha8RowFilterGradient</a> from ewextpxl_RGB565.o(.text.EwWarpAlpha8RowFilterGradient) referenced from ewgfxtasks.o(.rodata.WarpPerspWorkers)
 <LI><a href="#[da]">EwWarpAlpha8RowFilterGradientBlend</a> from ewextpxl_RGB565.o(.text.EwWarpAlpha8RowFilterGradientBlend) referenced 2 times from ewgfxtasks.o(.rodata.WarpAffineWorkers)
 <LI><a href="#[da]">EwWarpAlpha8RowFilterGradientBlend</a> from ewextpxl_RGB565.o(.text.EwWarpAlpha8RowFilterGradientBlend) referenced from ewgfxtasks.o(.rodata.WarpPerspWorkers)
 <LI><a href="#[d7]">EwWarpAlpha8RowFilterSolid</a> from ewextpxl_RGB565.o(.text.EwWarpAlpha8RowFilterSolid) referenced from ewgfxtasks.o(.rodata.WarpAffineWorkers)
 <LI><a href="#[d7]">EwWarpAlpha8RowFilterSolid</a> from ewextpxl_RGB565.o(.text.EwWarpAlpha8RowFilterSolid) referenced from ewgfxtasks.o(.rodata.WarpPerspWorkers)
 <LI><a href="#[d8]">EwWarpAlpha8RowFilterSolidBlend</a> from ewextpxl_RGB565.o(.text.EwWarpAlpha8RowFilterSolidBlend) referenced from ewgfxtasks.o(.rodata.WarpAffineWorkers)
 <LI><a href="#[d8]">EwWarpAlpha8RowFilterSolidBlend</a> from ewextpxl_RGB565.o(.text.EwWarpAlpha8RowFilterSolidBlend) referenced from ewgfxtasks.o(.rodata.WarpPerspWorkers)
 <LI><a href="#[d5]">EwWarpAlpha8RowGradient</a> from ewextpxl_RGB565.o(.text.EwWarpAlpha8RowGradient) referenced 2 times from ewgfxtasks.o(.rodata.WarpAffineWorkers)
 <LI><a href="#[d5]">EwWarpAlpha8RowGradient</a> from ewextpxl_RGB565.o(.text.EwWarpAlpha8RowGradient) referenced from ewgfxtasks.o(.rodata.WarpPerspWorkers)
 <LI><a href="#[d6]">EwWarpAlpha8RowGradientBlend</a> from ewextpxl_RGB565.o(.text.EwWarpAlpha8RowGradientBlend) referenced 2 times from ewgfxtasks.o(.rodata.WarpAffineWorkers)
 <LI><a href="#[d6]">EwWarpAlpha8RowGradientBlend</a> from ewextpxl_RGB565.o(.text.EwWarpAlpha8RowGradientBlend) referenced from ewgfxtasks.o(.rodata.WarpPerspWorkers)
 <LI><a href="#[d3]">EwWarpAlpha8RowSolid</a> from ewextpxl_RGB565.o(.text.EwWarpAlpha8RowSolid) referenced from ewgfxtasks.o(.rodata.WarpAffineWorkers)
 <LI><a href="#[d3]">EwWarpAlpha8RowSolid</a> from ewextpxl_RGB565.o(.text.EwWarpAlpha8RowSolid) referenced from ewgfxtasks.o(.rodata.WarpPerspWorkers)
 <LI><a href="#[d4]">EwWarpAlpha8RowSolidBlend</a> from ewextpxl_RGB565.o(.text.EwWarpAlpha8RowSolidBlend) referenced from ewgfxtasks.o(.rodata.WarpAffineWorkers)
 <LI><a href="#[d4]">EwWarpAlpha8RowSolidBlend</a> from ewextpxl_RGB565.o(.text.EwWarpAlpha8RowSolidBlend) referenced from ewgfxtasks.o(.rodata.WarpPerspWorkers)
 <LI><a href="#[c7]">EwWarpIndex8Row</a> from ewextpxl_RGB565.o(.text.EwWarpIndex8Row) referenced from ewgfxtasks.o(.rodata.WarpAffineWorkers)
 <LI><a href="#[c7]">EwWarpIndex8Row</a> from ewextpxl_RGB565.o(.text.EwWarpIndex8Row) referenced from ewgfxtasks.o(.rodata.WarpPerspWorkers)
 <LI><a href="#[c8]">EwWarpIndex8RowBlend</a> from ewextpxl_RGB565.o(.text.EwWarpIndex8RowBlend) referenced from ewgfxtasks.o(.rodata.WarpAffineWorkers)
 <LI><a href="#[c8]">EwWarpIndex8RowBlend</a> from ewextpxl_RGB565.o(.text.EwWarpIndex8RowBlend) referenced from ewgfxtasks.o(.rodata.WarpPerspWorkers)
 <LI><a href="#[cd]">EwWarpIndex8RowFilter</a> from ewextpxl_RGB565.o(.text.EwWarpIndex8RowFilter) referenced from ewgfxtasks.o(.rodata.WarpAffineWorkers)
 <LI><a href="#[cd]">EwWarpIndex8RowFilter</a> from ewextpxl_RGB565.o(.text.EwWarpIndex8RowFilter) referenced from ewgfxtasks.o(.rodata.WarpPerspWorkers)
 <LI><a href="#[ce]">EwWarpIndex8RowFilterBlend</a> from ewextpxl_RGB565.o(.text.EwWarpIndex8RowFilterBlend) referenced from ewgfxtasks.o(.rodata.WarpAffineWorkers)
 <LI><a href="#[ce]">EwWarpIndex8RowFilterBlend</a> from ewextpxl_RGB565.o(.text.EwWarpIndex8RowFilterBlend) referenced from ewgfxtasks.o(.rodata.WarpPerspWorkers)
 <LI><a href="#[d1]">EwWarpIndex8RowFilterGradient</a> from ewextpxl_RGB565.o(.text.EwWarpIndex8RowFilterGradient) referenced 2 times from ewgfxtasks.o(.rodata.WarpAffineWorkers)
 <LI><a href="#[d1]">EwWarpIndex8RowFilterGradient</a> from ewextpxl_RGB565.o(.text.EwWarpIndex8RowFilterGradient) referenced from ewgfxtasks.o(.rodata.WarpPerspWorkers)
 <LI><a href="#[d2]">EwWarpIndex8RowFilterGradientBlend</a> from ewextpxl_RGB565.o(.text.EwWarpIndex8RowFilterGradientBlend) referenced 2 times from ewgfxtasks.o(.rodata.WarpAffineWorkers)
 <LI><a href="#[d2]">EwWarpIndex8RowFilterGradientBlend</a> from ewextpxl_RGB565.o(.text.EwWarpIndex8RowFilterGradientBlend) referenced from ewgfxtasks.o(.rodata.WarpPerspWorkers)
 <LI><a href="#[cf]">EwWarpIndex8RowFilterSolid</a> from ewextpxl_RGB565.o(.text.EwWarpIndex8RowFilterSolid) referenced from ewgfxtasks.o(.rodata.WarpAffineWorkers)
 <LI><a href="#[cf]">EwWarpIndex8RowFilterSolid</a> from ewextpxl_RGB565.o(.text.EwWarpIndex8RowFilterSolid) referenced from ewgfxtasks.o(.rodata.WarpPerspWorkers)
 <LI><a href="#[d0]">EwWarpIndex8RowFilterSolidBlend</a> from ewextpxl_RGB565.o(.text.EwWarpIndex8RowFilterSolidBlend) referenced from ewgfxtasks.o(.rodata.WarpAffineWorkers)
 <LI><a href="#[d0]">EwWarpIndex8RowFilterSolidBlend</a> from ewextpxl_RGB565.o(.text.EwWarpIndex8RowFilterSolidBlend) referenced from ewgfxtasks.o(.rodata.WarpPerspWorkers)
 <LI><a href="#[cb]">EwWarpIndex8RowGradient</a> from ewextpxl_RGB565.o(.text.EwWarpIndex8RowGradient) referenced 2 times from ewgfxtasks.o(.rodata.WarpAffineWorkers)
 <LI><a href="#[cb]">EwWarpIndex8RowGradient</a> from ewextpxl_RGB565.o(.text.EwWarpIndex8RowGradient) referenced from ewgfxtasks.o(.rodata.WarpPerspWorkers)
 <LI><a href="#[cc]">EwWarpIndex8RowGradientBlend</a> from ewextpxl_RGB565.o(.text.EwWarpIndex8RowGradientBlend) referenced 2 times from ewgfxtasks.o(.rodata.WarpAffineWorkers)
 <LI><a href="#[cc]">EwWarpIndex8RowGradientBlend</a> from ewextpxl_RGB565.o(.text.EwWarpIndex8RowGradientBlend) referenced from ewgfxtasks.o(.rodata.WarpPerspWorkers)
 <LI><a href="#[c9]">EwWarpIndex8RowSolid</a> from ewextpxl_RGB565.o(.text.EwWarpIndex8RowSolid) referenced from ewgfxtasks.o(.rodata.WarpAffineWorkers)
 <LI><a href="#[c9]">EwWarpIndex8RowSolid</a> from ewextpxl_RGB565.o(.text.EwWarpIndex8RowSolid) referenced from ewgfxtasks.o(.rodata.WarpPerspWorkers)
 <LI><a href="#[ca]">EwWarpIndex8RowSolidBlend</a> from ewextpxl_RGB565.o(.text.EwWarpIndex8RowSolidBlend) referenced from ewgfxtasks.o(.rodata.WarpAffineWorkers)
 <LI><a href="#[ca]">EwWarpIndex8RowSolidBlend</a> from ewextpxl_RGB565.o(.text.EwWarpIndex8RowSolidBlend) referenced from ewgfxtasks.o(.rodata.WarpPerspWorkers)
 <LI><a href="#[bb]">EwWarpNativeRow</a> from ewextpxl_RGB565.o(.text.EwWarpNativeRow) referenced from ewgfxtasks.o(.rodata.WarpAffineWorkers)
 <LI><a href="#[bb]">EwWarpNativeRow</a> from ewextpxl_RGB565.o(.text.EwWarpNativeRow) referenced from ewgfxtasks.o(.rodata.WarpPerspWorkers)
 <LI><a href="#[bc]">EwWarpNativeRowBlend</a> from ewextpxl_RGB565.o(.text.EwWarpNativeRowBlend) referenced from ewgfxtasks.o(.rodata.WarpAffineWorkers)
 <LI><a href="#[bc]">EwWarpNativeRowBlend</a> from ewextpxl_RGB565.o(.text.EwWarpNativeRowBlend) referenced from ewgfxtasks.o(.rodata.WarpPerspWorkers)
 <LI><a href="#[c1]">EwWarpNativeRowFilter</a> from ewextpxl_RGB565.o(.text.EwWarpNativeRowFilter) referenced from ewgfxtasks.o(.rodata.WarpAffineWorkers)
 <LI><a href="#[c1]">EwWarpNativeRowFilter</a> from ewextpxl_RGB565.o(.text.EwWarpNativeRowFilter) referenced from ewgfxtasks.o(.rodata.WarpPerspWorkers)
 <LI><a href="#[c2]">EwWarpNativeRowFilterBlend</a> from ewextpxl_RGB565.o(.text.EwWarpNativeRowFilterBlend) referenced from ewgfxtasks.o(.rodata.WarpAffineWorkers)
 <LI><a href="#[c2]">EwWarpNativeRowFilterBlend</a> from ewextpxl_RGB565.o(.text.EwWarpNativeRowFilterBlend) referenced from ewgfxtasks.o(.rodata.WarpPerspWorkers)
 <LI><a href="#[c5]">EwWarpNativeRowFilterGradient</a> from ewextpxl_RGB565.o(.text.EwWarpNativeRowFilterGradient) referenced 2 times from ewgfxtasks.o(.rodata.WarpAffineWorkers)
 <LI><a href="#[c5]">EwWarpNativeRowFilterGradient</a> from ewextpxl_RGB565.o(.text.EwWarpNativeRowFilterGradient) referenced from ewgfxtasks.o(.rodata.WarpPerspWorkers)
 <LI><a href="#[c6]">EwWarpNativeRowFilterGradientBlend</a> from ewextpxl_RGB565.o(.text.EwWarpNativeRowFilterGradientBlend) referenced 2 times from ewgfxtasks.o(.rodata.WarpAffineWorkers)
 <LI><a href="#[c6]">EwWarpNativeRowFilterGradientBlend</a> from ewextpxl_RGB565.o(.text.EwWarpNativeRowFilterGradientBlend) referenced from ewgfxtasks.o(.rodata.WarpPerspWorkers)
 <LI><a href="#[c3]">EwWarpNativeRowFilterSolid</a> from ewextpxl_RGB565.o(.text.EwWarpNativeRowFilterSolid) referenced from ewgfxtasks.o(.rodata.WarpAffineWorkers)
 <LI><a href="#[c3]">EwWarpNativeRowFilterSolid</a> from ewextpxl_RGB565.o(.text.EwWarpNativeRowFilterSolid) referenced from ewgfxtasks.o(.rodata.WarpPerspWorkers)
 <LI><a href="#[c4]">EwWarpNativeRowFilterSolidBlend</a> from ewextpxl_RGB565.o(.text.EwWarpNativeRowFilterSolidBlend) referenced from ewgfxtasks.o(.rodata.WarpAffineWorkers)
 <LI><a href="#[c4]">EwWarpNativeRowFilterSolidBlend</a> from ewextpxl_RGB565.o(.text.EwWarpNativeRowFilterSolidBlend) referenced from ewgfxtasks.o(.rodata.WarpPerspWorkers)
 <LI><a href="#[bf]">EwWarpNativeRowGradient</a> from ewextpxl_RGB565.o(.text.EwWarpNativeRowGradient) referenced 2 times from ewgfxtasks.o(.rodata.WarpAffineWorkers)
 <LI><a href="#[bf]">EwWarpNativeRowGradient</a> from ewextpxl_RGB565.o(.text.EwWarpNativeRowGradient) referenced from ewgfxtasks.o(.rodata.WarpPerspWorkers)
 <LI><a href="#[c0]">EwWarpNativeRowGradientBlend</a> from ewextpxl_RGB565.o(.text.EwWarpNativeRowGradientBlend) referenced 2 times from ewgfxtasks.o(.rodata.WarpAffineWorkers)
 <LI><a href="#[c0]">EwWarpNativeRowGradientBlend</a> from ewextpxl_RGB565.o(.text.EwWarpNativeRowGradientBlend) referenced from ewgfxtasks.o(.rodata.WarpPerspWorkers)
 <LI><a href="#[bd]">EwWarpNativeRowSolid</a> from ewextpxl_RGB565.o(.text.EwWarpNativeRowSolid) referenced from ewgfxtasks.o(.rodata.WarpAffineWorkers)
 <LI><a href="#[bd]">EwWarpNativeRowSolid</a> from ewextpxl_RGB565.o(.text.EwWarpNativeRowSolid) referenced from ewgfxtasks.o(.rodata.WarpPerspWorkers)
 <LI><a href="#[be]">EwWarpNativeRowSolidBlend</a> from ewextpxl_RGB565.o(.text.EwWarpNativeRowSolidBlend) referenced from ewgfxtasks.o(.rodata.WarpAffineWorkers)
 <LI><a href="#[be]">EwWarpNativeRowSolidBlend</a> from ewextpxl_RGB565.o(.text.EwWarpNativeRowSolidBlend) referenced from ewgfxtasks.o(.rodata.WarpPerspWorkers)
 <LI><a href="#[db]">EwWarpRGB565Row</a> from ewextpxl_RGB565.o(.text.EwWarpRGB565Row) referenced 2 times from ewgfxtasks.o(.rodata.WarpAffineWorkers)
 <LI><a href="#[db]">EwWarpRGB565Row</a> from ewextpxl_RGB565.o(.text.EwWarpRGB565Row) referenced 2 times from ewgfxtasks.o(.rodata.WarpPerspWorkers)
 <LI><a href="#[e0]">EwWarpRGB565RowFilter</a> from ewextpxl_RGB565.o(.text.EwWarpRGB565RowFilter) referenced 2 times from ewgfxtasks.o(.rodata.WarpAffineWorkers)
 <LI><a href="#[e0]">EwWarpRGB565RowFilter</a> from ewextpxl_RGB565.o(.text.EwWarpRGB565RowFilter) referenced 2 times from ewgfxtasks.o(.rodata.WarpPerspWorkers)
 <LI><a href="#[e3]">EwWarpRGB565RowFilterGradient</a> from ewextpxl_RGB565.o(.text.EwWarpRGB565RowFilterGradient) referenced 2 times from ewgfxtasks.o(.rodata.WarpAffineWorkers)
 <LI><a href="#[e3]">EwWarpRGB565RowFilterGradient</a> from ewextpxl_RGB565.o(.text.EwWarpRGB565RowFilterGradient) referenced from ewgfxtasks.o(.rodata.WarpPerspWorkers)
 <LI><a href="#[e4]">EwWarpRGB565RowFilterGradientBlend</a> from ewextpxl_RGB565.o(.text.EwWarpRGB565RowFilterGradientBlend) referenced 2 times from ewgfxtasks.o(.rodata.WarpAffineWorkers)
 <LI><a href="#[e4]">EwWarpRGB565RowFilterGradientBlend</a> from ewextpxl_RGB565.o(.text.EwWarpRGB565RowFilterGradientBlend) referenced from ewgfxtasks.o(.rodata.WarpPerspWorkers)
 <LI><a href="#[e1]">EwWarpRGB565RowFilterSolid</a> from ewextpxl_RGB565.o(.text.EwWarpRGB565RowFilterSolid) referenced from ewgfxtasks.o(.rodata.WarpAffineWorkers)
 <LI><a href="#[e1]">EwWarpRGB565RowFilterSolid</a> from ewextpxl_RGB565.o(.text.EwWarpRGB565RowFilterSolid) referenced from ewgfxtasks.o(.rodata.WarpPerspWorkers)
 <LI><a href="#[e2]">EwWarpRGB565RowFilterSolidBlend</a> from ewextpxl_RGB565.o(.text.EwWarpRGB565RowFilterSolidBlend) referenced from ewgfxtasks.o(.rodata.WarpAffineWorkers)
 <LI><a href="#[e2]">EwWarpRGB565RowFilterSolidBlend</a> from ewextpxl_RGB565.o(.text.EwWarpRGB565RowFilterSolidBlend) referenced from ewgfxtasks.o(.rodata.WarpPerspWorkers)
 <LI><a href="#[de]">EwWarpRGB565RowGradient</a> from ewextpxl_RGB565.o(.text.EwWarpRGB565RowGradient) referenced 2 times from ewgfxtasks.o(.rodata.WarpAffineWorkers)
 <LI><a href="#[de]">EwWarpRGB565RowGradient</a> from ewextpxl_RGB565.o(.text.EwWarpRGB565RowGradient) referenced from ewgfxtasks.o(.rodata.WarpPerspWorkers)
 <LI><a href="#[df]">EwWarpRGB565RowGradientBlend</a> from ewextpxl_RGB565.o(.text.EwWarpRGB565RowGradientBlend) referenced 2 times from ewgfxtasks.o(.rodata.WarpAffineWorkers)
 <LI><a href="#[df]">EwWarpRGB565RowGradientBlend</a> from ewextpxl_RGB565.o(.text.EwWarpRGB565RowGradientBlend) referenced from ewgfxtasks.o(.rodata.WarpPerspWorkers)
 <LI><a href="#[dc]">EwWarpRGB565RowSolid</a> from ewextpxl_RGB565.o(.text.EwWarpRGB565RowSolid) referenced from ewgfxtasks.o(.rodata.WarpAffineWorkers)
 <LI><a href="#[dc]">EwWarpRGB565RowSolid</a> from ewextpxl_RGB565.o(.text.EwWarpRGB565RowSolid) referenced from ewgfxtasks.o(.rodata.WarpPerspWorkers)
 <LI><a href="#[dd]">EwWarpRGB565RowSolidBlend</a> from ewextpxl_RGB565.o(.text.EwWarpRGB565RowSolidBlend) referenced from ewgfxtasks.o(.rodata.WarpAffineWorkers)
 <LI><a href="#[dd]">EwWarpRGB565RowSolidBlend</a> from ewextpxl_RGB565.o(.text.EwWarpRGB565RowSolidBlend) referenced from ewgfxtasks.o(.rodata.WarpPerspWorkers)
 <LI><a href="#[e]">FLASH_IRQHandler</a> from startup_stm32f746xx.o(.text) referenced from startup_stm32f746xx.o(RESET)
 <LI><a href="#[3a]">FMC_IRQHandler</a> from startup_stm32f746xx.o(.text) referenced from startup_stm32f746xx.o(RESET)
 <LI><a href="#[5a]">FPU_IRQHandler</a> from startup_stm32f746xx.o(.text) referenced from startup_stm32f746xx.o(RESET)
 <LI><a href="#[a5]">GfxBlendDriver</a> from ewextgfx.o(.text.GfxBlendDriver) referenced 12 times from ewgfxtasks.o(.rodata.CopyDrivers)
 <LI><a href="#[a4]">GfxCopyDriver</a> from ewextgfx.o(.text.GfxCopyDriver) referenced 16 times from ewgfxtasks.o(.rodata.CopyDrivers)
 <LI><a href="#[b6]">GfxFillDriver</a> from ewextgfx.o(.text.GfxFillDriver) referenced 4 times from ewgfxtasks.o(.rodata.FillDrivers)
 <LI><a href="#[168]">GraphicsCanvas_OnSetFrameSize</a> from graphics.o(.text.GraphicsCanvas_OnSetFrameSize) referenced from graphics.o(.rodata.__vmt_GraphicsCanvas)
 <LI><a href="#[169]">GraphicsCanvas_Update</a> from graphics.o(.text.GraphicsCanvas_Update) referenced from graphics.o(.rodata.__vmt_GraphicsCanvas)
 <LI><a href="#[167]">GraphicsCanvas__Done</a> from graphics.o(.text.GraphicsCanvas__Done) referenced from graphics.o(.rodata.__vmt_GraphicsCanvas)
 <LI><a href="#[165]">GraphicsCanvas__Init</a> from graphics.o(.text.GraphicsCanvas__Init) referenced from graphics.o(.rodata.__vmt_GraphicsCanvas)
 <LI><a href="#[166]">GraphicsCanvas__ReInit</a> from graphics.o(.text.GraphicsCanvas__ReInit) referenced from graphics.o(.rodata.__vmt_GraphicsCanvas)
 <LI><a href="#[a3]">GuiThread</a> from main.o(.text.GuiThread) referenced from main.o(.rodata..L__const.main.os_thread_def_EwThreadHandle)
 <LI><a href="#[75]">HardButtonIsrCallback</a> from devicedriver.o(.text.HardButtonIsrCallback) referenced 2 times from devicedriver.o(.text.DeviceDriver_Initialize)
 <LI><a href="#[2]">HardFault_Handler</a> from stm32f7xx_it.o(.text.HardFault_Handler) referenced from startup_stm32f746xx.o(RESET)
 <LI><a href="#[2a]">I2C1_ER_IRQHandler</a> from startup_stm32f746xx.o(.text) referenced from startup_stm32f746xx.o(RESET)
 <LI><a href="#[29]">I2C1_EV_IRQHandler</a> from startup_stm32f746xx.o(.text) referenced from startup_stm32f746xx.o(RESET)
 <LI><a href="#[2c]">I2C2_ER_IRQHandler</a> from startup_stm32f746xx.o(.text) referenced from startup_stm32f746xx.o(RESET)
 <LI><a href="#[2b]">I2C2_EV_IRQHandler</a> from startup_stm32f746xx.o(.text) referenced from startup_stm32f746xx.o(RESET)
 <LI><a href="#[53]">I2C3_ER_IRQHandler</a> from startup_stm32f746xx.o(.text) referenced from startup_stm32f746xx.o(RESET)
 <LI><a href="#[52]">I2C3_EV_IRQHandler</a> from startup_stm32f746xx.o(.text) referenced from startup_stm32f746xx.o(RESET)
 <LI><a href="#[69]">I2C4_ER_IRQHandler</a> from startup_stm32f746xx.o(.text) referenced from startup_stm32f746xx.o(RESET)
 <LI><a href="#[68]">I2C4_EV_IRQHandler</a> from startup_stm32f746xx.o(.text) referenced from startup_stm32f746xx.o(RESET)
 <LI><a href="#[66]">LPTIM1_IRQHandler</a> from startup_stm32f746xx.o(.text) referenced from startup_stm32f746xx.o(RESET)
 <LI><a href="#[62]">LTDC_ER_IRQHandler</a> from startup_stm32f746xx.o(.text) referenced from startup_stm32f746xx.o(RESET)
 <LI><a href="#[61]">LTDC_IRQHandler</a> from ew_bsp_display.o(.text.LTDC_IRQHandler) referenced from startup_stm32f746xx.o(RESET)
 <LI><a href="#[3]">MemManage_Handler</a> from stm32f7xx_it.o(.text.MemManage_Handler) referenced from startup_stm32f746xx.o(RESET)
 <LI><a href="#[1]">NMI_Handler</a> from stm32f7xx_it.o(.text.NMI_Handler) referenced from startup_stm32f746xx.o(RESET)
 <LI><a href="#[4d]">OTG_FS_IRQHandler</a> from startup_stm32f746xx.o(.text) referenced from startup_stm32f746xx.o(RESET)
 <LI><a href="#[34]">OTG_FS_WKUP_IRQHandler</a> from startup_stm32f746xx.o(.text) referenced from startup_stm32f746xx.o(RESET)
 <LI><a href="#[55]">OTG_HS_EP1_IN_IRQHandler</a> from startup_stm32f746xx.o(.text) referenced from startup_stm32f746xx.o(RESET)
 <LI><a href="#[54]">OTG_HS_EP1_OUT_IRQHandler</a> from startup_stm32f746xx.o(.text) referenced from startup_stm32f746xx.o(RESET)
 <LI><a href="#[57]">OTG_HS_IRQHandler</a> from startup_stm32f746xx.o(.text) referenced from startup_stm32f746xx.o(RESET)
 <LI><a href="#[56]">OTG_HS_WKUP_IRQHandler</a> from startup_stm32f746xx.o(.text) referenced from startup_stm32f746xx.o(RESET)
 <LI><a href="#[b]">PVD_IRQHandler</a> from startup_stm32f746xx.o(.text) referenced from startup_stm32f746xx.o(RESET)
 <LI><a href="#[8]">PendSV_Handler</a> from port.o(.text.PendSV_Handler) referenced from startup_stm32f746xx.o(RESET)
 <LI><a href="#[65]">QUADSPI_IRQHandler</a> from startup_stm32f746xx.o(.text) referenced from startup_stm32f746xx.o(RESET)
 <LI><a href="#[f]">RCC_IRQHandler</a> from startup_stm32f746xx.o(.text) referenced from startup_stm32f746xx.o(RESET)
 <LI><a href="#[59]">RNG_IRQHandler</a> from startup_stm32f746xx.o(.text) referenced from startup_stm32f746xx.o(RESET)
 <LI><a href="#[33]">RTC_Alarm_IRQHandler</a> from startup_stm32f746xx.o(.text) referenced from startup_stm32f746xx.o(RESET)
 <LI><a href="#[d]">RTC_WKUP_IRQHandler</a> from startup_stm32f746xx.o(.text) referenced from startup_stm32f746xx.o(RESET)
 <LI><a href="#[0]">Reset_Handler</a> from startup_stm32f746xx.o(.text) referenced from startup_stm32f746xx.o(RESET)
 <LI><a href="#[16d]">ResourcesBitmap_OnSetFrameSize</a> from resources.o(.text.ResourcesBitmap_OnSetFrameSize) referenced from resources.o(.rodata.__vmt_ResourcesBitmap)
 <LI><a href="#[16e]">ResourcesBitmap_Update</a> from resources.o(.text.ResourcesBitmap_Update) referenced from resources.o(.rodata.__vmt_ResourcesBitmap)
 <LI><a href="#[16c]">ResourcesBitmap__Done</a> from resources.o(.text.ResourcesBitmap__Done) referenced from resources.o(.rodata.__vmt_ResourcesBitmap)
 <LI><a href="#[16a]">ResourcesBitmap__Init</a> from resources.o(.text.ResourcesBitmap__Init) referenced from resources.o(.rodata.__vmt_ResourcesBitmap)
 <LI><a href="#[16b]">ResourcesBitmap__ReInit</a> from resources.o(.text.ResourcesBitmap__ReInit) referenced from resources.o(.rodata.__vmt_ResourcesBitmap)
 <LI><a href="#[171]">ResourcesFont__Done</a> from resources.o(.text.ResourcesFont__Done) referenced from resources.o(.rodata.__vmt_ResourcesFont)
 <LI><a href="#[16f]">ResourcesFont__Init</a> from resources.o(.text.ResourcesFont__Init) referenced from resources.o(.rodata.__vmt_ResourcesFont)
 <LI><a href="#[170]">ResourcesFont__ReInit</a> from resources.o(.text.ResourcesFont__ReInit) referenced from resources.o(.rodata.__vmt_ResourcesFont)
 <LI><a href="#[60]">SAI1_IRQHandler</a> from startup_stm32f746xx.o(.text) referenced from startup_stm32f746xx.o(RESET)
 <LI><a href="#[64]">SAI2_IRQHandler</a> from startup_stm32f746xx.o(.text) referenced from startup_stm32f746xx.o(RESET)
 <LI><a href="#[3b]">SDMMC1_IRQHandler</a> from startup_stm32f746xx.o(.text) referenced from startup_stm32f746xx.o(RESET)
 <LI><a href="#[6a]">SPDIF_RX_IRQHandler</a> from startup_stm32f746xx.o(.text) referenced from startup_stm32f746xx.o(RESET)
 <LI><a href="#[2d]">SPI1_IRQHandler</a> from startup_stm32f746xx.o(.text) referenced from startup_stm32f746xx.o(RESET)
 <LI><a href="#[2e]">SPI2_IRQHandler</a> from startup_stm32f746xx.o(.text) referenced from startup_stm32f746xx.o(RESET)
 <LI><a href="#[3d]">SPI3_IRQHandler</a> from startup_stm32f746xx.o(.text) referenced from startup_stm32f746xx.o(RESET)
 <LI><a href="#[5d]">SPI4_IRQHandler</a> from startup_stm32f746xx.o(.text) referenced from startup_stm32f746xx.o(RESET)
 <LI><a href="#[5e]">SPI5_IRQHandler</a> from startup_stm32f746xx.o(.text) referenced from startup_stm32f746xx.o(RESET)
 <LI><a href="#[5f]">SPI6_IRQHandler</a> from startup_stm32f746xx.o(.text) referenced from startup_stm32f746xx.o(RESET)
 <LI><a href="#[6]">SVC_Handler</a> from port.o(.text.SVC_Handler) referenced from startup_stm32f746xx.o(RESET)
 <LI><a href="#[9]">SysTick_Handler</a> from stm32f7xx_it.o(.text.SysTick_Handler) referenced from startup_stm32f746xx.o(RESET)
 <LI><a href="#[6c]">SystemInit</a> from system_stm32f7xx.o(.text.SystemInit) referenced from startup_stm32f746xx.o(.text)
 <LI><a href="#[c]">TAMP_STAMP_IRQHandler</a> from startup_stm32f746xx.o(.text) referenced from startup_stm32f746xx.o(RESET)
 <LI><a href="#[22]">TIM1_BRK_TIM9_IRQHandler</a> from startup_stm32f746xx.o(.text) referenced from startup_stm32f746xx.o(RESET)
 <LI><a href="#[25]">TIM1_CC_IRQHandler</a> from startup_stm32f746xx.o(.text) referenced from startup_stm32f746xx.o(RESET)
 <LI><a href="#[24]">TIM1_TRG_COM_TIM11_IRQHandler</a> from startup_stm32f746xx.o(.text) referenced from startup_stm32f746xx.o(RESET)
 <LI><a href="#[23]">TIM1_UP_TIM10_IRQHandler</a> from startup_stm32f746xx.o(.text) referenced from startup_stm32f746xx.o(RESET)
 <LI><a href="#[26]">TIM2_IRQHandler</a> from startup_stm32f746xx.o(.text) referenced from startup_stm32f746xx.o(RESET)
 <LI><a href="#[27]">TIM3_IRQHandler</a> from startup_stm32f746xx.o(.text) referenced from startup_stm32f746xx.o(RESET)
 <LI><a href="#[28]">TIM4_IRQHandler</a> from startup_stm32f746xx.o(.text) referenced from startup_stm32f746xx.o(RESET)
 <LI><a href="#[3c]">TIM5_IRQHandler</a> from startup_stm32f746xx.o(.text) referenced from startup_stm32f746xx.o(RESET)
 <LI><a href="#[40]">TIM6_DAC_IRQHandler</a> from startup_stm32f746xx.o(.text) referenced from startup_stm32f746xx.o(RESET)
 <LI><a href="#[41]">TIM7_IRQHandler</a> from startup_stm32f746xx.o(.text) referenced from startup_stm32f746xx.o(RESET)
 <LI><a href="#[35]">TIM8_BRK_TIM12_IRQHandler</a> from startup_stm32f746xx.o(.text) referenced from startup_stm32f746xx.o(RESET)
[...]
<BR><BR>[Stack]<UL><LI>Max Depth = 24<LI>Call Chain = QSPI_Config
</UL>
<BR>[Called By]<UL><LI><a href="#[1b3]">&gt;&gt;</a>&nbsp;&nbsp;&nbsp;HAL_QSPI_MemoryMapped
<LI><a href="#[1b8]">&gt;&gt;</a>&nbsp;&nbsp;&nbsp;HAL_QSPI_Command
<LI><a href="#[1b9]">&gt;&gt;</a>&nbsp;&nbsp;&nbsp;HAL_QSPI_AutoPolling
</UL>

<P><STRONG><a name="[a3]"></a>GuiThread</STRONG> (Thumb, 32 bytes, Stack size 8 bytes, main.o(.text.GuiThread))
<BR><BR>[Stack]<UL><LI>Max Depth = 2044<LI>Call Chain = GuiThread &rArr; EwProcess &rArr; EwEndUpdate &rArr; EwCopyBitmap &rArr; MapBitmapFrame &rArr; EwCreateSurface &rArr; FlushAndClean &rArr; ProcessIssues &rArr; EwExecuteTasks &rArr; WarpSurface2 &rArr; EwLockSurface &rArr;  ProcessIssues (Cycle)
</UL>
<BR>[Calls]<UL><LI><a href="#[2f2]">&gt;&gt;</a>&nbsp;&nbsp;&nbsp;EwProcess
<LI><a href="#[2f1]">&gt;&gt;</a>&nbsp;&nbsp;&nbsp;EwPrintSystemInfo
<LI><a href="#[2cd]">&gt;&gt;</a>&nbsp;&nbsp;&nbsp;EwInit
<LI><a href="#[292]">&gt;&gt;</a>&nbsp;&nbsp;&nbsp;EwDone
</UL>
<BR>[Address Reference Count : 1]<UL><LI> main.o(.rodata..L__const.main.os_thread_def_EwThreadHandle)
</UL>
<P><STRONG><a name="[35f]"></a>prvAddCurrentTaskToDelayedList</STRONG> (Thumb, 166 bytes, Stack size 24 bytes, tasks.o(.text.prvAddCurrentTaskToDelayedList))
<BR><BR>[Stack]<UL><LI>Max Depth = 32<LI>Call Chain = prvAddCurrentTaskToDelayedList &rArr; vListInsert
</UL>
<BR>[Calls]<UL><LI><a href="#[361]">&gt;&gt;</a>&nbsp;&nbsp;&nbsp;vListInsertEnd
<LI><a href="#[362]">&gt;&gt;</a>&nbsp;&nbsp;&nbsp;vListInsert
<LI><a href="#[360]">&gt;&gt;</a>&nbsp;&nbsp;&nbsp;uxListRemove
</UL>
<BR>[Called By]<UL><LI><a href="#[35a]">&gt;&gt;</a>&nbsp;&nbsp;&nbsp;xTaskNotifyWait
<LI><a href="#[36c]">&gt;&gt;</a>&nbsp;&nbsp;&nbsp;vTaskPlaceOnEventList
</UL>

<P><STRONG><a name="[a2]"></a>prvIdleTask</STRONG> (Thumb, 118 bytes, Stack size 0 bytes, tasks.o(.text.prvIdleTask))
<BR><BR>[Stack]<UL><LI>Max Depth = 96<LI>Call Chain = prvIdleTask &rArr; vPortFree &rArr; xTaskResumeAll &rArr; xTaskIncrementTick
</UL>
<BR>[Calls]<UL><LI><a href="#[365]">&gt;&gt;</a>&nbsp;&nbsp;&nbsp;vPortFree
<LI><a href="#[364]">&gt;&gt;</a>&nbsp;&nbsp;&nbsp;vPortExitCritical
<LI><a href="#[363]">&gt;&gt;</a>&nbsp;&nbsp;&nbsp;vPortEnterCritical
<LI><a href="#[360]">&gt;&gt;</a>&nbsp;&nbsp;&nbsp;uxListRemove
</UL>
<BR>[Address Reference Count : 1]<UL><LI> tasks.o(.text.vTaskStartScheduler)
</UL>
<P><STRONG><a name="[366]"></a>prvUnlockQueue</STRONG> (Thumb, 122 bytes, Stack size 24 bytes, queue.o(.text.prvUnlockQueue))
<BR><BR>[Stack]<UL><LI>Max Depth = 40<LI>Call Chain = prvUnlockQueue &rArr; xTaskRemoveFromEventList
</UL>
<BR>[Calls]<UL><LI><a href="#[367]">&gt;&gt;</a>&nbsp;&nbsp;&nbsp;xTaskRemoveFromEventList
<LI><a href="#[368]">&gt;&gt;</a>&nbsp;&nbsp;&nbsp;vTaskMissedYield
<LI><a href="#[364]">&gt;&gt;</a>&nbsp;&nbsp;&nbsp;vPortExitCritical
<LI><a href="#[363]">&gt;&gt;</a>&nbsp;&nbsp;&nbsp;vPortEnterCritical
</UL>
<BR>[Called By]<UL><LI><a href="#[359]">&gt;&gt;</a>&nbsp;&nbsp;&nbsp;xQueueSemaphoreTake
<LI><a href="#[355]">&gt;&gt;</a>&nbsp;&nbsp;&nbsp;xQueueGenericSend
</UL>

<P><STRONG><a name="[371]"></a>prvPortStartFirstTask</STRONG> (Thumb, 34 bytes, Stack size 0 bytes, port.o(.text.prvPortStartFirstTask))
<BR><BR>[Called By]<UL><LI><a href="#[36e]">&gt;&gt;</a>&nbsp;&nbsp;&nbsp;xPortStartScheduler
</UL>

<P><STRONG><a name="[a1]"></a>prvTaskExitError</STRONG> (Thumb, 68 bytes, Stack size 4 bytes, port.o(.text.prvTaskExitError))
<BR><BR>[Stack]<UL><LI>Max Depth = 4<LI>Call Chain = prvTaskExitError
</UL>
<BR>[Address Reference Count : 1]<UL><LI> port.o(.text.pxPortInitialiseStack)
</UL>
<P><STRONG><a name="[370]"></a>vPortEnableVFP</STRONG> (Thumb, 14 bytes, Stack size 0 bytes, port.o(.text.vPortEnableVFP))
<BR><BR>[Called By]<UL><LI><a href="#[36e]">&gt;&gt;</a>&nbsp;&nbsp;&nbsp;xPortStartScheduler
</UL>

<P><STRONG><a name="[73]"></a>TimerProc</STRONG> (Thumb, 4 bytes, Stack size 0 bytes, core.o(.text.TimerProc))
<BR><BR>[Stack]<UL><LI>Max Depth = 32<LI>Call Chain = TimerProc &rArr; CoreTimer_Trigger &rArr; EwStartTimer
</UL>
<BR>[Calls]<UL><LI><a href="#[207]">&gt;&gt;</a>&nbsp;&nbsp;&nbsp;CoreTimer_Trigger
</UL>
<BR>[Address Reference Count : 2]<UL><LI> core.o(.text.CoreRoot__Init)
<LI> core.o(.text.CoreRoot_DriveMultiTouchHitting)
</UL>
<P><STRONG><a name="[306]"></a>GfxSelectSurfaces</STRONG> (Thumb, 268 bytes, Stack size 8 bytes, ewextgfx.o(.text.GfxSelectSurfaces))
<BR><BR>[Stack]<UL><LI>Max Depth = 8<LI>Call Chain = GfxSelectSurfaces
</UL>
<BR>[Called By]<UL><LI><a href="#[a4]">&gt;&gt;</a>&nbsp;&nbsp;&nbsp;GfxCopyDriver
<LI><a href="#[a5]">&gt;&gt;</a>&nbsp;&nbsp;&nbsp;GfxBlendDriver
</UL>

<P><STRONG><a name="[217]"></a>DrawFrameGrid</STRONG> (Thumb, 290 bytes, Stack size 112 bytes, ewgfx.o(.text.DrawFrameGrid))
<BR><BR>[Stack]<UL><LI>Max Depth = 556<LI>Call Chain = DrawFrameGrid &rArr; EwLockSurface &rArr;  ProcessIssues (Cycle)
</UL>
<BR>[Calls]<UL><LI><a href="#[219]">&gt;&gt;</a>&nbsp;&nbsp;&nbsp;EwZero
<LI><a href="#[21a]">&gt;&gt;</a>&nbsp;&nbsp;&nbsp;EwUnlockSurface
<LI><a href="#[218]">&gt;&gt;</a>&nbsp;&nbsp;&nbsp;EwLockSurface
</UL>
<BR>[Called By]<UL><LI><a href="#[276]">&gt;&gt;</a>&nbsp;&nbsp;&nbsp;MapBitmapFrame
</UL>

<P><STRONG><a name="[2a0]"></a>GetGlyph</STRONG> (Thumb, 438 bytes, Stack size 120 bytes, ewgfx.o(.text.GetGlyph))
<BR><BR>[Stack]<UL><LI>Max Depth = 1388 + In Cycle
<LI>Call Chain = GetGlyph &rArr;  GetGlyph (Cycle)
</UL>
<BR>[Calls]<UL><LI><a href="#[303]">&gt;&gt;</a>&nbsp;&nbsp;&nbsp;EwUnlockGlyphCache
<LI><a href="#[2e4]">&gt;&gt;</a>&nbsp;&nbsp;&nbsp;EwLockGlyphCache
<LI><a href="#[2a2]">&gt;&gt;</a>&nbsp;&nbsp;&nbsp;EwFreeGlyph
<LI><a href="#[2bb]">&gt;&gt;</a>&nbsp;&nbsp;&nbsp;EwFntLoadGlyph
<LI><a href="#[305]">&gt;&gt;</a>&nbsp;&nbsp;&nbsp;EwFntGetGlyphMetrics
<LI><a href="#[2b8]">&gt;&gt;</a>&nbsp;&nbsp;&nbsp;EwFindGlyph
<LI><a href="#[2a3]">&gt;&gt;</a>&nbsp;&nbsp;&nbsp;EwErrorSD
<LI><a href="#[28d]">&gt;&gt;</a>&nbsp;&nbsp;&nbsp;EwDiscardGlyph
<LI><a href="#[285]">&gt;&gt;</a>&nbsp;&nbsp;&nbsp;EwCreateGlyph
<LI><a href="#[2a0]">&gt;&gt;</a>&nbsp;&nbsp;&nbsp;GetGlyph
</UL>
<BR>[Called By]<UL><LI><a href="#[29f]">&gt;&gt;</a>&nbsp;&nbsp;&nbsp;EwGetTextAdvance
<LI><a href="#[29e]">&gt;&gt;</a>&nbsp;&nbsp;&nbsp;EwDrawText
<LI><a href="#[2ca]">&gt;&gt;</a>&nbsp;&nbsp;&nbsp;EwGetGlyphMetrics
<LI><a href="#[2a0]">&gt;&gt;</a>&nbsp;&nbsp;&nbsp;GetGlyph
</UL>

<P><STRONG><a name="[27f]"></a>InitBitmap</STRONG> (Thumb, 900 bytes, Stack size 104 bytes, ewgfx.o(.text.InitBitmap))
<BR><BR>[Stack]<UL><LI>Max Depth = 400<LI>Call Chain = InitBitmap &rArr; EwAlloc &rArr; EwAllocHeapBlock &rArr; EwError &rArr; EwPrint &rArr; EwFormatFloatToAnsiString &rArr; EwMove &rArr; __aeabi_memmove
</UL>
<BR>[Calls]<UL><LI><a href="#[219]">&gt;&gt;</a>&nbsp;&nbsp;&nbsp;EwZero
<LI><a href="#[198]">&gt;&gt;</a>&nbsp;&nbsp;&nbsp;EwAlloc
<LI><a href="#[199]">&gt;&gt;</a>&nbsp;&nbsp;&nbsp;EwImmediateReclaimMemory
<LI><a href="#[2ad]">&gt;&gt;</a>&nbsp;&nbsp;&nbsp;EwErrorDD
<LI><a href="#[19a]">&gt;&gt;</a>&nbsp;&nbsp;&nbsp;EwError
</UL>
<BR>[Called By]<UL><LI><a href="#[2db]">&gt;&gt;</a>&nbsp;&nbsp;&nbsp;EwLoadBitmap
<LI><a href="#[27e]">&gt;&gt;</a>&nbsp;&nbsp;&nbsp;EwCreateBitmap
</UL>

<P><STRONG><a name="[276]"></a>MapBitmapFrame</STRONG> (Thumb, 1624 bytes, Stack size 224 bytes, ewgfx.o(.text.MapBitmapFrame))
<BR><BR>[Stack]<UL><LI>Max Depth = 1420<LI>Call Chain = MapBitmapFrame &rArr; EwCreateSurface &rArr; FlushAndClean &rArr; ProcessIssues &rArr; EwExecuteTasks &rArr; WarpSurface2 &rArr; EwLockSurface &rArr;  ProcessIssues (Cycle)
</UL>
<BR>[Calls]<UL><LI><a href="#[22d]">&gt;&gt;</a>&nbsp;&nbsp;&nbsp;EwCopy
<LI><a href="#[21a]">&gt;&gt;</a>&nbsp;&nbsp;&nbsp;EwUnlockSurface
<LI><a href="#[218]">&gt;&gt;</a>&nbsp;&nbsp;&nbsp;EwLockSurface
<LI><a href="#[2b9]">&gt;&gt;</a>&nbsp;&nbsp;&nbsp;EwFindSurface
<LI><a href="#[222]">&gt;&gt;</a>&nbsp;&nbsp;&nbsp;EwErrorPD
<LI><a href="#[2ad]">&gt;&gt;</a>&nbsp;&nbsp;&nbsp;EwErrorDD
<LI><a href="#[286]">&gt;&gt;</a>&nbsp;&nbsp;&nbsp;EwCreateSurface
<LI><a href="#[281]">&gt;&gt;</a>&nbsp;&nbsp;&nbsp;EwCreateConstSurface
<LI><a href="#[232]">&gt;&gt;</a>&nbsp;&nbsp;&nbsp;EwBmpOpen
<LI><a href="#[22e]">&gt;&gt;</a>&nbsp;&nbsp;&nbsp;EwBmpLoadFrame
<LI><a href="#[22c]">&gt;&gt;</a>&nbsp;&nbsp;&nbsp;EwBmpLoadClut
<LI><a href="#[2dd]">&gt;&gt;</a>&nbsp;&nbsp;&nbsp;EwBmpGetFrameMemory
<LI><a href="#[2de]">&gt;&gt;</a>&nbsp;&nbsp;&nbsp;EwBmpClose
<LI><a href="#[217]">&gt;&gt;</a>&nbsp;&nbsp;&nbsp;DrawFrameGrid
</UL>
<BR>[Called By]<UL><LI><a href="#[2db]">&gt;&gt;</a>&nbsp;&nbsp;&nbsp;EwLoadBitmap
<LI><a href="#[2b7]">&gt;&gt;</a>&nbsp;&nbsp;&nbsp;EwFillRectangle
<LI><a href="#[29e]">&gt;&gt;</a>&nbsp;&nbsp;&nbsp;EwDrawText
<LI><a href="#[27e]">&gt;&gt;</a>&nbsp;&nbsp;&nbsp;EwCreateBitmap
<LI><a href="#[275]">&gt;&gt;</a>&nbsp;&nbsp;&nbsp;EwCopyBitmap
<LI><a href="#[2d8]">&gt;&gt;</a>&nbsp;&nbsp;&nbsp;EwLockBitmap
</UL>

<P><STRONG><a name="[7a]"></a>UpdateWatermark1</STRONG> (Thumb, 124 bytes, Stack size 16 bytes, ewgfx.o(.text.UpdateWatermark1))
<BR><BR>[Stack]<UL><LI>Max Depth = 88<LI>Call Chain = UpdateWatermark1 &rArr; EwMathRandInt32 &rArr; EwBspClockGetTime &rArr; HAL_RTC_GetTime
</UL>
<BR>[Calls]<UL><LI><a href="#[1ca]">&gt;&gt;</a>&nbsp;&nbsp;&nbsp;EwGetTicks
<LI><a href="#[2d7]">&gt;&gt;</a>&nbsp;&nbsp;&nbsp;EwMathRandInt32
</UL>
<BR>[Address Reference Count : 2]<UL><LI> ewgfx.o(.text.EwInitGraphicsEngine)
<LI> ewgfx.o(.data.UpdateWatermarkProc)
</UL>
<P><STRONG><a name="[99]"></a>UpdateWatermark2</STRONG> (Thumb, 316 bytes, Stack size 40 bytes, ewgfx.o(.text.UpdateWatermark2))
<BR><BR>[Stack]<UL><LI>Max Depth = 112<LI>Call Chain = UpdateWatermark2 &rArr; EwMathRandInt32 &rArr; EwBspClockGetTime &rArr; HAL_RTC_GetTime
</UL>
<BR>[Calls]<UL><LI><a href="#[1ca]">&gt;&gt;</a>&nbsp;&nbsp;&nbsp;EwGetTicks
<LI><a href="#[2d7]">&gt;&gt;</a>&nbsp;&nbsp;&nbsp;EwMathRandInt32
</UL>
<BR>[Address Reference Count : 1]<UL><LI> ewgfx.o(.text.UpdateWatermark1)
</UL>
<P><STRONG><a name="[1c7]"></a>CleanSurfaceCache</STRONG> (Thumb, 228 bytes, Stack size 40 bytes, ewgfxcore.o(.text.CleanSurfaceCache))
<BR><BR>[Stack]<UL><LI>Max Depth = 348<LI>Call Chain = CleanSurfaceCache &rArr; DiscardSurface &rArr; GfxDestroySurface &rArr; EwFreeVideo &rArr; EwFree &rArr; EwFreeHeapBlock &rArr; EwErrorPD &rArr; EwPrint &rArr; EwFormatFloatToAnsiString &rArr; EwMove &rArr; __aeabi_memmove
</UL>
<BR>[Calls]<UL><LI><a href="#[1c8]">&gt;&gt;</a>&nbsp;&nbsp;&nbsp;DiscardSurface
<LI><a href="#[1c9]">&gt;&gt;</a>&nbsp;&nbsp;&nbsp;EwCanDiscardSurface
</UL>
<BR>[Called By]<UL><LI><a href="#[280]">&gt;&gt;</a>&nbsp;&nbsp;&nbsp;EwFreeSurface
<LI><a href="#[278]">&gt;&gt;</a>&nbsp;&nbsp;&nbsp;EwFlushTasks
<LI><a href="#[286]">&gt;&gt;</a>&nbsp;&nbsp;&nbsp;EwCreateSurface
<LI><a href="#[281]">&gt;&gt;</a>&nbsp;&nbsp;&nbsp;EwCreateConstSurface
</UL>

<P><STRONG><a name="[214]"></a>DiscardGlyph</STRONG> (Thumb, 368 bytes, Stack size 40 bytes, ewgfxcore.o(.text.DiscardGlyph))
<BR><BR>[Stack]<UL><LI>Max Depth = 332<LI>Call Chain = DiscardGlyph &rArr; EwFree &rArr; EwFreeHeapBlock &rArr; EwErrorPD &rArr; EwPrint &rArr; EwFormatFloatToAnsiString &rArr; EwMove &rArr; __aeabi_memmove
</UL>
<BR>[Calls]<UL><LI><a href="#[215]">&gt;&gt;</a>&nbsp;&nbsp;&nbsp;EwFree
</UL>
<BR>[Called By]<UL><LI><a href="#[283]">&gt;&gt;</a>&nbsp;&nbsp;&nbsp;FlushAndClean
<LI><a href="#[299]">&gt;&gt;</a>&nbsp;&nbsp;&nbsp;EwDoneGfxCore
<LI><a href="#[28d]">&gt;&gt;</a>&nbsp;&nbsp;&nbsp;EwDiscardGlyph
</UL>

<P><STRONG><a name="[1c8]"></a>DiscardSurface</STRONG> (Thumb, 224 bytes, Stack size 8 bytes, ewgfxcore.o(.text.DiscardSurface))
<BR><BR>[Stack]<UL><LI>Max Depth = 308<LI>Call Chain = DiscardSurface &rArr; GfxDestroySurface &rArr; EwFreeVideo &rArr; EwFree &rArr; EwFreeHeapBlock &rArr; EwErrorPD &rArr; EwPrint &rArr; EwFormatFloatToAnsiString &rArr; EwMove &rArr; __aeabi_memmove
</UL>
<BR>[Calls]<UL><LI><a href="#[216]">&gt;&gt;</a>&nbsp;&nbsp;&nbsp;GfxDestroySurface
<LI><a href="#[215]">&gt;&gt;</a>&nbsp;&nbsp;&nbsp;EwFree
</UL>
<BR>[Called By]<UL><LI><a href="#[283]">&gt;&gt;</a>&nbsp;&nbsp;&nbsp;FlushAndClean
<LI><a href="#[1c7]">&gt;&gt;</a>&nbsp;&nbsp;&nbsp;CleanSurfaceCache
<LI><a href="#[280]">&gt;&gt;</a>&nbsp;&nbsp;&nbsp;EwFreeSurface
<LI><a href="#[299]">&gt;&gt;</a>&nbsp;&nbsp;&nbsp;EwDoneGfxCore
</UL>

<P><STRONG><a name="[283]"></a>FlushAndClean</STRONG> (Thumb, 300 bytes, Stack size 40 bytes, ewgfxcore.o(.text.FlushAndClean))
<BR><BR>[Stack]<UL><LI>Max Depth = 1156<LI>Call Chain = FlushAndClean &rArr; ProcessIssues &rArr; EwExecuteTasks &rArr; WarpSurface2 &rArr; EwLockSurface &rArr;  ProcessIssues (Cycle)
</UL>
<BR>[Calls]<UL><LI><a href="#[282]">&gt;&gt;</a>&nbsp;&nbsp;&nbsp;ProcessIssues
<LI><a href="#[1c8]">&gt;&gt;</a>&nbsp;&nbsp;&nbsp;DiscardSurface
<LI><a href="#[214]">&gt;&gt;</a>&nbsp;&nbsp;&nbsp;DiscardGlyph
<LI><a href="#[1c9]">&gt;&gt;</a>&nbsp;&nbsp;&nbsp;EwCanDiscardSurface
</UL>
<BR>[Called By]<UL><LI><a href="#[279]">&gt;&gt;</a>&nbsp;&nbsp;&nbsp;EwInitIssue
<LI><a href="#[286]">&gt;&gt;</a>&nbsp;&nbsp;&nbsp;EwCreateSurface
<LI><a href="#[285]">&gt;&gt;</a>&nbsp;&nbsp;&nbsp;EwCreateGlyph
<LI><a href="#[281]">&gt;&gt;</a>&nbsp;&nbsp;&nbsp;EwCreateConstSurface
</UL>

<P><STRONG><a name="[282]"></a>ProcessIssues</STRONG> (Thumb, 274 bytes, Stack size 32 bytes, ewgfxcore.o(.text.ProcessIssues))
<BR><BR>[Stack]<UL><LI>Max Depth = 1116<LI>Call Chain = ProcessIssues &rArr; EwExecuteTasks &rArr; WarpSurface2 &rArr; EwLockSurface &rArr;  ProcessIssues (Cycle)
</UL>
<BR>[Calls]<UL><LI><a href="#[2ae]">&gt;&gt;</a>&nbsp;&nbsp;&nbsp;EwExecuteTasks
<LI><a href="#[335]">&gt;&gt;</a>&nbsp;&nbsp;&nbsp;EwCompleteTasks
</UL>
<BR>[Called By]<UL><LI><a href="#[283]">&gt;&gt;</a>&nbsp;&nbsp;&nbsp;FlushAndClean
<LI><a href="#[2ab]">&gt;&gt;</a>&nbsp;&nbsp;&nbsp;EwWaitForSurface
<LI><a href="#[218]">&gt;&gt;</a>&nbsp;&nbsp;&nbsp;EwLockSurface
<LI><a href="#[279]">&gt;&gt;</a>&nbsp;&nbsp;&nbsp;EwInitIssue
<LI><a href="#[278]">&gt;&gt;</a>&nbsp;&nbsp;&nbsp;EwFlushTasks
<LI><a href="#[2b9]">&gt;&gt;</a>&nbsp;&nbsp;&nbsp;EwFindSurface
<LI><a href="#[2b8]">&gt;&gt;</a>&nbsp;&nbsp;&nbsp;EwFindGlyph
<LI><a href="#[299]">&gt;&gt;</a>&nbsp;&nbsp;&nbsp;EwDoneGfxCore
<LI><a href="#[286]">&gt;&gt;</a>&nbsp;&nbsp;&nbsp;EwCreateSurface
<LI><a href="#[285]">&gt;&gt;</a>&nbsp;&nbsp;&nbsp;EwCreateGlyph
<LI><a href="#[281]">&gt;&gt;</a>&nbsp;&nbsp;&nbsp;EwCreateConstSurface
</UL>

<P><STRONG><a name="[2a9]"></a>RasterPolygonRow_AA_EO</STRONG> (Thumb, 908 bytes, Stack size 88 bytes, ewgfxdriver.o(.text.RasterPolygonRow_AA_EO))
<BR><BR>[Stack]<UL><LI>Max Depth = 96<LI>Call Chain = RasterPolygonRow_AA_EO &rArr; EwFill
</UL>
<BR>[Calls]<UL><LI><a href="#[2b6]">&gt;&gt;</a>&nbsp;&nbsp;&nbsp;EwFill
</UL>
<BR>[Called By]<UL><LI><a href="#[2a6]">&gt;&gt;</a>&nbsp;&nbsp;&nbsp;EwEmulateFillPolygon
</UL>

<P><STRONG><a name="[2a7]"></a>RasterPolygonRow_AA_NZW</STRONG> (Thumb, 1320 bytes, Stack size 88 bytes, ewgfxdriver.o(.text.RasterPolygonRow_AA_NZW))
<BR><BR>[Stack]<UL><LI>Max Depth = 96<LI>Call Chain = RasterPolygonRow_AA_NZW &rArr; EwFill
</UL>
<BR>[Calls]<UL><LI><a href="#[2b6]">&gt;&gt;</a>&nbsp;&nbsp;&nbsp;EwFill
</UL>
<BR>[Called By]<UL><LI><a href="#[2a6]">&gt;&gt;</a>&nbsp;&nbsp;&nbsp;EwEmulateFillPolygon
</UL>

<P><STRONG><a name="[2aa]"></a>RasterPolygonRow_EO</STRONG> (Thumb, 826 bytes, Stack size 56 bytes, ewgfxdriver.o(.text.RasterPolygonRow_EO))
<BR><BR>[Stack]<UL><LI>Max Depth = 64<LI>Call Chain = RasterPolygonRow_EO &rArr; EwFill
</UL>
<BR>[Calls]<UL><LI><a href="#[2b6]">&gt;&gt;</a>&nbsp;&nbsp;&nbsp;EwFill
</UL>
<BR>[Called By]<UL><LI><a href="#[2a6]">&gt;&gt;</a>&nbsp;&nbsp;&nbsp;EwEmulateFillPolygon
</UL>

<P><STRONG><a name="[2a8]"></a>RasterPolygonRow_NZW</STRONG> (Thumb, 872 bytes, Stack size 64 bytes, ewgfxdriver.o(.text.RasterPolygonRow_NZW))
<BR><BR>[Stack]<UL><LI>Max Depth = 72<LI>Call Chain = RasterPolygonRow_NZW &rArr; EwFill
</UL>
<BR>[Calls]<UL><LI><a href="#[2b6]">&gt;&gt;</a>&nbsp;&nbsp;&nbsp;EwFill
</UL>
<BR>[Called By]<UL><LI><a href="#[2a6]">&gt;&gt;</a>&nbsp;&nbsp;&nbsp;EwEmulateFillPolygon
</UL>

<P><STRONG><a name="[197]"></a>AddSignal</STRONG> (Thumb, 288 bytes, Stack size 24 bytes, ewslot.o(.text.AddSignal))
<BR><BR>[Stack]<UL><LI>Max Depth = 320<LI>Call Chain = AddSignal &rArr; EwAlloc &rArr; EwAllocHeapBlock &rArr; EwError &rArr; EwPrint &rArr; EwFormatFloatToAnsiString &rArr; EwMove &rArr; __aeabi_memmove
</UL>
<BR>[Calls]<UL><LI><a href="#[198]">&gt;&gt;</a>&nbsp;&nbsp;&nbsp;EwAlloc
<LI><a href="#[19b]">&gt;&gt;</a>&nbsp;&nbsp;&nbsp;EwPanic
<LI><a href="#[199]">&gt;&gt;</a>&nbsp;&nbsp;&nbsp;EwImmediateReclaimMemory
<LI><a href="#[19a]">&gt;&gt;</a>&nbsp;&nbsp;&nbsp;EwError
</UL>
<BR>[Called By]<UL><LI><a href="#[1ae]">&gt;&gt;</a>&nbsp;&nbsp;&nbsp;EwNotifyRefObservers
<LI><a href="#[1cc]">&gt;&gt;</a>&nbsp;&nbsp;&nbsp;EwPostSignal
<LI><a href="#[1dd]">&gt;&gt;</a>&nbsp;&nbsp;&nbsp;EwNotifyObjObservers
</UL>

<P><STRONG><a name="[19c]"></a>AllocString</STRONG> (Thumb, 154 bytes, Stack size 8 bytes, ewstring.o(.text.AllocString))
<BR><BR>[Stack]<UL><LI>Max Depth = 304<LI>Call Chain = AllocString &rArr; EwAlloc &rArr; EwAllocHeapBlock &rArr; EwError &rArr; EwPrint &rArr; EwFormatFloatToAnsiString &rArr; EwMove &rArr; __aeabi_memmove
</UL>
<BR>[Calls]<UL><LI><a href="#[198]">&gt;&gt;</a>&nbsp;&nbsp;&nbsp;EwAlloc
<LI><a href="#[199]">&gt;&gt;</a>&nbsp;&nbsp;&nbsp;EwImmediateReclaimMemory
<LI><a href="#[19a]">&gt;&gt;</a>&nbsp;&nbsp;&nbsp;EwError
</UL>
<BR>[Called By]<UL><LI><a href="#[301]">&gt;&gt;</a>&nbsp;&nbsp;&nbsp;EwStringMiddle
<LI><a href="#[2fd]">&gt;&gt;</a>&nbsp;&nbsp;&nbsp;EwSetStringChar
<LI><a href="#[272]">&gt;&gt;</a>&nbsp;&nbsp;&nbsp;EwConcatString
<LI><a href="#[271]">&gt;&gt;</a>&nbsp;&nbsp;&nbsp;EwConcatCharString
<LI><a href="#[302]">&gt;&gt;</a>&nbsp;&nbsp;&nbsp;EwStringRemove
<LI><a href="#[300]">&gt;&gt;</a>&nbsp;&nbsp;&nbsp;EwStringLeft
<LI><a href="#[2ea]">&gt;&gt;</a>&nbsp;&nbsp;&nbsp;EwNewStringFloat
<LI><a href="#[2e9]">&gt;&gt;</a>&nbsp;&nbsp;&nbsp;EwNewStringChar
</UL>

<P><STRONG><a name="[270]"></a>VerifyString</STRONG> (Thumb, 148 bytes, Stack size 16 bytes, ewstring.o(.text.VerifyString))
<BR><BR>[Stack]<UL><LI>Max Depth = 272<LI>Call Chain = VerifyString &rArr; EwPrint &rArr; EwFormatFloatToAnsiString &rArr; EwMove &rArr; __aeabi_memmove
</UL>
<BR>[Calls]<UL><LI><a href="#[1c6]">&gt;&gt;</a>&nbsp;&nbsp;&nbsp;EwPrint
<LI><a href="#[19b]">&gt;&gt;</a>&nbsp;&nbsp;&nbsp;EwPanic
</UL>
<BR>[Called By]<UL><LI><a href="#[301]">&gt;&gt;</a>&nbsp;&nbsp;&nbsp;EwStringMiddle
<LI><a href="#[2ff]">&gt;&gt;</a>&nbsp;&nbsp;&nbsp;EwStringFindChar
<LI><a href="#[2fe]">&gt;&gt;</a>&nbsp;&nbsp;&nbsp;EwShareString
<LI><a href="#[2fd]">&gt;&gt;</a>&nbsp;&nbsp;&nbsp;EwSetStringChar
<LI><a href="#[2cb]">&gt;&gt;</a>&nbsp;&nbsp;&nbsp;EwGetStringChar
<LI><a href="#[272]">&gt;&gt;</a>&nbsp;&nbsp;&nbsp;EwConcatString
<LI><a href="#[271]">&gt;&gt;</a>&nbsp;&nbsp;&nbsp;EwConcatCharString
<LI><a href="#[26f]">&gt;&gt;</a>&nbsp;&nbsp;&nbsp;EwCompString
<LI><a href="#[229]">&gt;&gt;</a>&nbsp;&nbsp;&nbsp;EwGetStringLength
<LI><a href="#[302]">&gt;&gt;</a>&nbsp;&nbsp;&nbsp;EwStringRemove
<LI><a href="#[300]">&gt;&gt;</a>&nbsp;&nbsp;&nbsp;EwStringLeft
</UL>

<P><STRONG><a name="[2b1]"></a>WarpSurface2</STRONG> (Thumb, 596 bytes, Stack size 216 bytes, ewgfxtasks.o(.text.WarpSurface2))
<BR><BR>[Stack]<UL><LI>Max Depth = 660<LI>Call Chain = WarpSurface2 &rArr; EwLockSurface &rArr;  ProcessIssues (Cycle)
</UL>
<BR>[Calls]<UL><LI><a href="#[2af]">&gt;&gt;</a>&nbsp;&nbsp;&nbsp;EwInitColorGradient
<LI><a href="#[2b5]">&gt;&gt;</a>&nbsp;&nbsp;&nbsp;EwEmulateWarp
<LI><a href="#[21a]">&gt;&gt;</a>&nbsp;&nbsp;&nbsp;EwUnlockSurface
<LI><a href="#[218]">&gt;&gt;</a>&nbsp;&nbsp;&nbsp;EwLockSurface
</UL>
<BR>[Called By]<UL><LI><a href="#[2ae]">&gt;&gt;</a>&nbsp;&nbsp;&nbsp;EwExecuteTasks
</UL>
<P>
<H3>
Undefined Global Symbols
</H3><HR></body></html>
